Component: ARM Compiler 5.06 update 4 (build 422) Tool: armlink [4d35d2]

==============================================================================

Section Cross References

    startup_stm32f103xb.o(RESET) refers to startup_stm32f103xb.o(STACK) for __initial_sp
    startup_stm32f103xb.o(RESET) refers to startup_stm32f103xb.o(.text) for Reset_Handler
    startup_stm32f103xb.o(RESET) refers to stm32f1xx_it.o(i.NMI_Handler) for NMI_Handler
    startup_stm32f103xb.o(RESET) refers to stm32f1xx_it.o(i.HardFault_Handler) for HardFault_Handler
    startup_stm32f103xb.o(RESET) refers to stm32f1xx_it.o(i.MemManage_Handler) for MemManage_Handler
    startup_stm32f103xb.o(RESET) refers to stm32f1xx_it.o(i.BusFault_Handler) for BusFault_Handler
    startup_stm32f103xb.o(RESET) refers to stm32f1xx_it.o(i.UsageFault_Handler) for UsageFault_Handler
    startup_stm32f103xb.o(RESET) refers to stm32f1xx_it.o(i.SVC_Handler) for SVC_Handler
    startup_stm32f103xb.o(RESET) refers to stm32f1xx_it.o(i.DebugMon_Handler) for DebugMon_Handler
    startup_stm32f103xb.o(RESET) refers to stm32f1xx_it.o(i.PendSV_Handler) for PendSV_Handler
    startup_stm32f103xb.o(RESET) refers to stm32f1xx_it.o(i.SysTick_Handler) for SysTick_Handler
    startup_stm32f103xb.o(RESET) refers to stm32f1xx_it.o(i.USART1_IRQHandler) for USART1_IRQHandler
    startup_stm32f103xb.o(RESET) refers to stm32f1xx_it.o(i.USART2_IRQHandler) for USART2_IRQHandler
    startup_stm32f103xb.o(.text) refers to system_stm32f1xx.o(i.SystemInit) for SystemInit
    startup_stm32f103xb.o(.text) refers to entry.o(.ARM.Collect$$$$00000000) for __main
    main.o(i.Add_Card_Flash) refers to myflash.o(i.stmflash_write) for stmflash_write
    main.o(i.Add_Card_Flash) refers to rc522.o(.data) for UID
    main.o(i.Add_Card_Flash) refers to main.o(.data) for ID_select
    main.o(i.Del_FR) refers to as608.o(i.GZ_DeletChar) for GZ_DeletChar
    main.o(i.Del_FR) refers to main.o(.data) for ID_select
    main.o(i.Read_Card_Flash) refers to myflash.o(i.stmflash_read) for stmflash_read
    main.o(i.Read_Card_Flash) refers to rc522.o(.data) for UI0
    main.o(i.SystemClock_Config) refers to memseta.o(.text) for __aeabi_memclr4
    main.o(i.SystemClock_Config) refers to stm32f1xx_hal_rcc.o(i.HAL_RCC_OscConfig) for HAL_RCC_OscConfig
    main.o(i.SystemClock_Config) refers to main.o(i.Error_Handler) for Error_Handler
    main.o(i.SystemClock_Config) refers to stm32f1xx_hal_rcc.o(i.HAL_RCC_ClockConfig) for HAL_RCC_ClockConfig
    main.o(i.main) refers to stm32f1xx_hal.o(i.HAL_Init) for HAL_Init
    main.o(i.main) refers to main.o(i.SystemClock_Config) for SystemClock_Config
    main.o(i.main) refers to gpio.o(i.MX_GPIO_Init) for MX_GPIO_Init
    main.o(i.main) refers to tim.o(i.MX_TIM4_Init) for MX_TIM4_Init
    main.o(i.main) refers to usart.o(i.MX_USART1_UART_Init) for MX_USART1_UART_Init
    main.o(i.main) refers to usart.o(i.MX_USART2_UART_Init) for MX_USART2_UART_Init
    main.o(i.main) refers to usart.o(i.MX_USART3_UART_Init) for MX_USART3_UART_Init
    main.o(i.main) refers to printf5.o(i.__0printf$5) for __2printf
    main.o(i.main) refers to oled.o(i.OLED_Init) for OLED_Init
    main.o(i.main) refers to oled.o(i.OLED_ShowString) for OLED_ShowString
    main.o(i.main) refers to rc522.o(i.RFID_Init) for RFID_Init
    main.o(i.main) refers to key.o(i.Key_Init) for Key_Init
    main.o(i.main) refers to servo.o(i.Servo_Init) for Servo_Init
    main.o(i.main) refers to stm32f1xx_hal.o(i.HAL_Delay) for HAL_Delay
    main.o(i.main) refers to as608.o(i.GZ_HandShake) for GZ_HandShake
    main.o(i.main) refers to main.o(i.Read_Card_Flash) for Read_Card_Flash
    main.o(i.main) refers to oled.o(i.OLED_Clear) for OLED_Clear
    main.o(i.main) refers to servo.o(i.ControlServo) for ControlServo
    main.o(i.main) refers to key.o(i.Key_Scan) for Key_Scan
    main.o(i.main) refers to rc522.o(i.PcdRequest) for PcdRequest
    main.o(i.main) refers to rc522.o(i.PcdAnticoll) for PcdAnticoll
    main.o(i.main) refers to main.o(i.press_FR) for press_FR
    main.o(i.main) refers to as608.o(.data) for AS608Addr
    main.o(i.main) refers to main.o(.data) for menu_page
    main.o(i.main) refers to rc522.o(.data) for Temp
    main.o(i.main) refers to main.o(i.Add_Card_Flash) for Add_Card_Flash
    main.o(i.main) refers to as608.o(i.GZ_GetImage) for GZ_GetImage
    main.o(i.main) refers to as608.o(i.GZ_GenChar) for GZ_GenChar
    main.o(i.main) refers to as608.o(i.GZ_Match) for GZ_Match
    main.o(i.main) refers to as608.o(i.GZ_RegModel) for GZ_RegModel
    main.o(i.main) refers to as608.o(i.GZ_StoreChar) for GZ_StoreChar
    main.o(i.main) refers to as608.o(i.GZ_ValidTempleteNum) for GZ_ValidTempleteNum
    main.o(i.main) refers to main.o(i.Del_FR) for Del_FR
    main.o(i.press_FR) refers to as608.o(i.GZ_GetImage) for GZ_GetImage
    main.o(i.press_FR) refers to as608.o(i.GZ_GenChar) for GZ_GenChar
[...]
    Removing stm32f1xx_hal_cortex.o(.rev16_text), (4 bytes).
    Removing stm32f1xx_hal_cortex.o(.revsh_text), (4 bytes).
    Removing stm32f1xx_hal_cortex.o(.rrx_text), (6 bytes).
    Removing stm32f1xx_hal_cortex.o(i.HAL_NVIC_ClearPendingIRQ), (36 bytes).
    Removing stm32f1xx_hal_cortex.o(i.HAL_NVIC_DisableIRQ), (68 bytes).
    Removing stm32f1xx_hal_cortex.o(i.HAL_NVIC_GetActive), (48 bytes).
    Removing stm32f1xx_hal_cortex.o(i.HAL_NVIC_GetPendingIRQ), (48 bytes).
    Removing stm32f1xx_hal_cortex.o(i.HAL_NVIC_GetPriority), (148 bytes).
    Removing stm32f1xx_hal_cortex.o(i.HAL_NVIC_GetPriorityGrouping), (8 bytes).
    Removing stm32f1xx_hal_cortex.o(i.HAL_NVIC_SetPendingIRQ), (36 bytes).
    Removing stm32f1xx_hal_cortex.o(i.HAL_NVIC_SystemReset), (68 bytes).
    Removing stm32f1xx_hal_cortex.o(i.HAL_SYSTICK_CLKSourceConfig), (40 bytes).
    Removing stm32f1xx_hal_cortex.o(i.HAL_SYSTICK_Callback), (2 bytes).
    Removing stm32f1xx_hal_cortex.o(i.HAL_SYSTICK_IRQHandler), (8 bytes).
    Removing stm32f1xx_hal_pwr.o(.rev16_text), (4 bytes).
    Removing stm32f1xx_hal_pwr.o(.revsh_text), (4 bytes).
    Removing stm32f1xx_hal_pwr.o(.rrx_text), (6 bytes).
    Removing stm32f1xx_hal_pwr.o(i.HAL_PWR_ConfigPVD), (180 bytes).
    Removing stm32f1xx_hal_pwr.o(i.HAL_PWR_DeInit), (28 bytes).
    Removing stm32f1xx_hal_pwr.o(i.HAL_PWR_DisableBkUpAccess), (12 bytes).
    Removing stm32f1xx_hal_pwr.o(i.HAL_PWR_DisablePVD), (12 bytes).
    Removing stm32f1xx_hal_pwr.o(i.HAL_PWR_DisableSEVOnPend), (20 bytes).
    Removing stm32f1xx_hal_pwr.o(i.HAL_PWR_DisableSleepOnExit), (20 bytes).
    Removing stm32f1xx_hal_pwr.o(i.HAL_PWR_DisableWakeUpPin), (28 bytes).
    Removing stm32f1xx_hal_pwr.o(i.HAL_PWR_EnableBkUpAccess), (12 bytes).
    Removing stm32f1xx_hal_pwr.o(i.HAL_PWR_EnablePVD), (12 bytes).
    Removing stm32f1xx_hal_pwr.o(i.HAL_PWR_EnableSEVOnPend), (20 bytes).
    Removing stm32f1xx_hal_pwr.o(i.HAL_PWR_EnableSleepOnExit), (20 bytes).
    Removing stm32f1xx_hal_pwr.o(i.HAL_PWR_EnableWakeUpPin), (28 bytes).
    Removing stm32f1xx_hal_pwr.o(i.HAL_PWR_EnterSLEEPMode), (32 bytes).
    Removing stm32f1xx_hal_pwr.o(i.HAL_PWR_EnterSTANDBYMode), (40 bytes).
    Removing stm32f1xx_hal_pwr.o(i.HAL_PWR_EnterSTOPMode), (84 bytes).
    Removing stm32f1xx_hal_pwr.o(i.HAL_PWR_PVDCallback), (2 bytes).
    Removing stm32f1xx_hal_pwr.o(i.HAL_PWR_PVD_IRQHandler), (32 bytes).
    Removing stm32f1xx_hal_pwr.o(i.PWR_OverloadWfe), (6 bytes).
    Removing stm32f1xx_hal_flash.o(.rev16_text), (4 bytes).
    Removing stm32f1xx_hal_flash.o(.revsh_text), (4 bytes).
    Removing stm32f1xx_hal_flash.o(.rrx_text), (6 bytes).
    Removing stm32f1xx_hal_flash.o(i.HAL_FLASH_EndOfOperationCallback), (2 bytes).
    Removing stm32f1xx_hal_flash.o(i.HAL_FLASH_GetError), (12 bytes).
    Removing stm32f1xx_hal_flash.o(i.HAL_FLASH_IRQHandler), (384 bytes).
    Removing stm32f1xx_hal_flash.o(i.HAL_FLASH_OB_Launch), (8 bytes).
    Removing stm32f1xx_hal_flash.o(i.HAL_FLASH_OB_Lock), (20 bytes).
    Removing stm32f1xx_hal_flash.o(i.HAL_FLASH_OB_Unlock), (44 bytes).
    Removing stm32f1xx_hal_flash.o(i.HAL_FLASH_OperationErrorCallback), (2 bytes).
    Removing stm32f1xx_hal_flash.o(i.HAL_FLASH_Program_IT), (124 bytes).
    Removing stm32f1xx_hal_flash_ex.o(.rev16_text), (4 bytes).
    Removing stm32f1xx_hal_flash_ex.o(.revsh_text), (4 bytes).
    Removing stm32f1xx_hal_flash_ex.o(.rrx_text), (6 bytes).
    Removing stm32f1xx_hal_flash_ex.o(i.FLASH_OB_DisableWRP), (232 bytes).
    Removing stm32f1xx_hal_flash_ex.o(i.FLASH_OB_EnableWRP), (236 bytes).
    Removing stm32f1xx_hal_flash_ex.o(i.FLASH_OB_GetRDP), (28 bytes).
    Removing stm32f1xx_hal_flash_ex.o(i.FLASH_OB_GetUser), (16 bytes).
    Removing stm32f1xx_hal_flash_ex.o(i.FLASH_OB_GetWRP), (12 bytes).
    Removing stm32f1xx_hal_flash_ex.o(i.FLASH_OB_ProgramData), (76 bytes).
    Removing stm32f1xx_hal_flash_ex.o(i.FLASH_OB_RDP_LevelConfig), (124 bytes).
    Removing stm32f1xx_hal_flash_ex.o(i.FLASH_OB_UserConfig), (84 bytes).
    Removing stm32f1xx_hal_flash_ex.o(i.HAL_FLASHEx_Erase_IT), (100 bytes).
    Removing stm32f1xx_hal_flash_ex.o(i.HAL_FLASHEx_OBErase), (96 bytes).
    Removing stm32f1xx_hal_flash_ex.o(i.HAL_FLASHEx_OBGetConfig), (28 bytes).
    Removing stm32f1xx_hal_flash_ex.o(i.HAL_FLASHEx_OBGetUserData), (40 bytes).
    Removing stm32f1xx_hal_flash_ex.o(i.HAL_FLASHEx_OBProgram), (200 bytes).
    Removing stm32f1xx_hal_exti.o(.rev16_text), (4 bytes).
    Removing stm32f1xx_hal_exti.o(.revsh_text), (4 bytes).
    Removing stm32f1xx_hal_exti.o(.rrx_text), (6 bytes).
    Removing stm32f1xx_hal_exti.o(i.HAL_EXTI_ClearConfigLine), (120 bytes).
    Removing stm32f1xx_hal_exti.o(i.HAL_EXTI_ClearPending), (28 bytes).
    Removing stm32f1xx_hal_exti.o(i.HAL_EXTI_GenerateSWI), (24 bytes).
    Removing stm32f1xx_hal_exti.o(i.HAL_EXTI_GetConfigLine), (160 bytes).
    Removing stm32f1xx_hal_exti.o(i.HAL_EXTI_GetHandle), (14 bytes).
    Removing stm32f1xx_hal_exti.o(i.HAL_EXTI_GetPending), (36 bytes).
    Removing stm32f1xx_hal_exti.o(i.HAL_EXTI_IRQHandler), (44 bytes).
    Removing stm32f1xx_hal_exti.o(i.HAL_EXTI_RegisterCallback), (20 bytes).
    Removing stm32f1xx_hal_exti.o(i.HAL_EXTI_SetConfigLine), (240 bytes).
    Removing system_stm32f1xx.o(.rev16_text), (4 bytes).
    Removing system_stm32f1xx.o(.revsh_text), (4 bytes).
    Removing system_stm32f1xx.o(.rrx_text), (6 bytes).
    Removing system_stm32f1xx.o(i.SystemCoreClockUpdate), (164 bytes).
    Removing dadd.o(.text), (334 bytes).
    Removing dmul.o(.text), (228 bytes).
    Removing ddiv.o(.text), (222 bytes).
    Removing dfixul.o(.text), (48 bytes).
    Removing cdrcmple.o(.text), (48 bytes).
    Removing depilogue.o(.text), (186 bytes).

420 unused section(s) (total 35163 bytes) removed from the image.

==============================================================================

Image Symbol Table

    Local Symbols

    Symbol Name                              Value     Ov Type        Size  Object(Section)

    ../Drivers/STM32F1xx_HAL_Driver/Src/stm32f1xx_hal.c 0x00000000   Number         0  stm32f1xx_hal.o ABSOLUTE
    ../Drivers/STM32F1xx_HAL_Driver/Src/stm32f1xx_hal_cortex.c 0x00000000   Number         0  stm32f1xx_hal_cortex.o ABSOLUTE
    ../Drivers/STM32F1xx_HAL_Driver/Src/stm32f1xx_hal_dma.c 0x00000000   Number         0  stm32f1xx_hal_dma.o ABSOLUTE
    ../Drivers/STM32F1xx_HAL_Driver/Src/stm32f1xx_hal_exti.c 0x00000000   Number         0  stm32f1xx_hal_exti.o ABSOLUTE
    ../Drivers/STM32F1xx_HAL_Driver/Src/stm32f1xx_hal_flash.c 0x00000000   Number         0  stm32f1xx_hal_flash.o ABSOLUTE
    ../Drivers/STM32F1xx_HAL_Driver/Src/stm32f1xx_hal_flash_ex.c 0x00000000   Number         0  stm32f1xx_hal_flash_ex.o ABSOLUTE
    ../Drivers/STM32F1xx_HAL_Driver/Src/stm32f1xx_hal_gpio.c 0x00000000   Number         0  stm32f1xx_hal_gpio.o ABSOLUTE
    ../Drivers/STM32F1xx_HAL_Driver/Src/stm32f1xx_hal_gpio_ex.c 0x00000000   Number         0  stm32f1xx_hal_gpio_ex.o ABSOLUTE
    ../Drivers/STM32F1xx_HAL_Driver/Src/stm32f1xx_hal_pwr.c 0x00000000   Number         0  stm32f1xx_hal_pwr.o ABSOLUTE
    ../Drivers/STM32F1xx_HAL_Driver/Src/stm32f1xx_hal_rcc.c 0x00000000   Number         0  stm32f1xx_hal_rcc.o ABSOLUTE
    ../Drivers/STM32F1xx_HAL_Driver/Src/stm32f1xx_hal_rcc_ex.c 0x00000000   Number         0  stm32f1xx_hal_rcc_ex.o ABSOLUTE
    ../Drivers/STM32F1xx_HAL_Driver/Src/stm32f1xx_hal_tim.c 0x00000000   Number         0  stm32f1xx_hal_tim.o ABSOLUTE
    ../Drivers/STM32F1xx_HAL_Driver/Src/stm32f1xx_hal_tim_ex.c 0x00000000   Number         0  stm32f1xx_hal_tim_ex.o ABSOLUTE
    ../Drivers/STM32F1xx_HAL_Driver/Src/stm32f1xx_hal_uart.c 0x00000000   Number         0  stm32f1xx_hal_uart.o ABSOLUTE
    ../Src/gpio.c                            0x00000000   Number         0  gpio.o ABSOLUTE
    ../Src/main.c                            0x00000000   Number         0  main.o ABSOLUTE
    ../Src/stm32f1xx_hal_msp.c               0x00000000   Number         0  stm32f1xx_hal_msp.o ABSOLUTE
    ../Src/stm32f1xx_it.c                    0x00000000   Number         0  stm32f1xx_it.o ABSOLUTE
    ../Src/system_stm32f1xx.c                0x00000000   Number         0  system_stm32f1xx.o ABSOLUTE
    ../Src/usart.c                           0x00000000   Number         0  usart.o ABSOLUTE
    ../clib/microlib/division.c              0x00000000   Number         0  uldiv.o ABSOLUTE
    ../clib/microlib/division.c              0x00000000   Number         0  uidiv.o ABSOLUTE
    ../clib/microlib/init/entry.s            0x00000000   Number         0  entry2.o ABSOLUTE
    ../clib/microlib/init/entry.s            0x00000000   Number         0  entry8b.o ABSOLUTE
    ../clib/microlib/init/entry.s            0x00000000   Number         0  entry.o ABSOLUTE
    ../clib/microlib/init/entry.s            0x00000000   Number         0  entry9b.o ABSOLUTE
    ../clib/microlib/init/entry.s            0x00000000   Number         0  entry11b.o ABSOLUTE
    ../clib/microlib/init/entry.s            0x00000000   Number         0  entry11a.o ABSOLUTE
    ../clib/microlib/init/entry.s            0x00000000   Number         0  entry10b.o ABSOLUTE
    ../clib/microlib/init/entry.s            0x00000000   Number         0  entry10a.o ABSOLUTE
    ../clib/microlib/init/entry.s            0x00000000   Number         0  entry9a.o ABSOLUTE
    ../clib/microlib/init/entry.s            0x00000000   Number         0  entry8a.o ABSOLUTE
    ../clib/microlib/init/entry.s            0x00000000   Number         0  entry7b.o ABSOLUTE
    ../clib/microlib/init/entry.s            0x00000000   Number         0  entry7a.o ABSOLUTE
    ../clib/microlib/init/entry.s            0x00000000   Number         0  entry5.o ABSOLUTE
    ../clib/microlib/longlong.c              0x00000000   Number         0  llsshr.o ABSOLUTE
    ../clib/microlib/longlong.c              0x00000000   Number         0  llushr.o ABSOLUTE
    ../clib/microlib/longlong.c              0x00000000   Number         0  llshl.o ABSOLUTE
    ../clib/microlib/printf/printf.c         0x00000000   Number         0  printf5.o ABSOLUTE
    ../clib/microlib/printf/printf.c         0x00000000   Number         0  printf3.o ABSOLUTE
    ../clib/microlib/printf/printf.c         0x00000000   Number         0  printf2.o ABSOLUTE
    ../clib/microlib/printf/printf.c         0x00000000   Number         0  printf1.o ABSOLUTE
    ../clib/microlib/printf/printf.c         0x00000000   Number         0  printfa.o ABSOLUTE
    ../clib/microlib/printf/printf.c         0x00000000   Number         0  printfb.o ABSOLUTE
    ../clib/microlib/printf/printf.c         0x00000000   Number         0  printf4.o ABSOLUTE
    ../clib/microlib/printf/printf.c         0x00000000   Number         0  printf0.o ABSOLUTE
    ../clib/microlib/printf/printf.c         0x00000000   Number         0  printf8.o ABSOLUTE
    ../clib/microlib/printf/printf.c         0x00000000   Number         0  printf7.o ABSOLUTE
    ../clib/microlib/printf/printf.c         0x00000000   Number         0  printf6.o ABSOLUTE
    ../clib/microlib/printf/stubs.s          0x00000000   Number         0  stubs.o ABSOLUTE
    ../clib/microlib/string/memset.c         0x00000000   Number         0  memseta.o ABSOLUTE
    ../clib/microlib/string/strstr.c         0x00000000   Number         0  strstr.o ABSOLUTE
    ../clib/microlib/stubs.s                 0x00000000   Number         0  iusefp.o ABSOLUTE
    ../clib/microlib/stubs.s                 0x00000000   Number         0  useno.o ABSOLUTE
    ../fplib/microlib/fpadd.c                0x00000000   Number         0  dadd.o ABSOLUTE
    ../fplib/microlib/fpdiv.c                0x00000000   Number         0  ddiv.o ABSOLUTE
    ../fplib/microlib/fpepilogue.c           0x00000000   Number         0  depilogue.o ABSOLUTE
    ../fplib/microlib/fpfix.c                0x00000000   Number         0  dfixul.o ABSOLUTE
    ../fplib/microlib/fpmul.c                0x00000000   Number         0  dmul.o ABSOLUTE
    ..\Drivers\STM32F1xx_HAL_Driver\Src\stm32f1xx_hal.c 0x00000000   Number         0  stm32f1xx_hal.o ABSOLUTE
    ..\Drivers\STM32F1xx_HAL_Driver\Src\stm32f1xx_hal_cortex.c 0x00000000   Number         0  stm32f1xx_hal_cortex.o ABSOLUTE
    ..\Drivers\STM32F1xx_HAL_Driver\Src\stm32f1xx_hal_dma.c 0x00000000   Number         0  stm32f1xx_hal_dma.o ABSOLUTE
    ..\Drivers\STM32F1xx_HAL_Driver\Src\stm32f1xx_hal_exti.c 0x00000000   Number         0  stm32f1xx_hal_exti.o ABSOLUTE
    ..\Drivers\STM32F1xx_HAL_Driver\Src\stm32f1xx_hal_flash.c 0x00000000   Number         0  stm32f1xx_hal_flash.o ABSOLUTE
    ..\Drivers\STM32F1xx_HAL_Driver\Src\stm32f1xx_hal_flash_ex.c 0x00000000   Number         0  stm32f1xx_hal_flash_ex.o ABSOLUTE
    ..\Drivers\STM32F1xx_HAL_Driver\Src\stm32f1xx_hal_gpio.c 0x00000000   Number         0  stm32f1xx_hal_gpio.o ABSOLUTE
    ..\Drivers\STM32F1xx_HAL_Driver\Src\stm32f1xx_hal_gpio_ex.c 0x00000000   Number         0  stm32f1xx_hal_gpio_ex.o ABSOLUTE
    ..\Drivers\STM32F1xx_HAL_Driver\Src\stm32f1xx_hal_pwr.c 0x00000000   Number         0  stm32f1xx_hal_pwr.o ABSOLUTE
    ..\Drivers\STM32F1xx_HAL_Driver\Src\stm32f1xx_hal_rcc.c 0x00000000   Number         0  stm32f1xx_hal_rcc.o ABSOLUTE
    ..\Drivers\STM32F1xx_HAL_Driver\Src\stm32f1xx_hal_rcc_ex.c 0x00000000   Number         0  stm32f1xx_hal_rcc_ex.o ABSOLUTE
    ..\Drivers\STM32F1xx_HAL_Driver\Src\stm32f1xx_hal_tim.c 0x00000000   Number         0  stm32f1xx_hal_tim.o ABSOLUTE
    ..\Drivers\STM32F1xx_HAL_Driver\Src\stm32f1xx_hal_tim_ex.c 0x00000000   Number         0  stm32f1xx_hal_tim_ex.o ABSOLUTE
    ..\Drivers\STM32F1xx_HAL_Driver\Src\stm32f1xx_hal_uart.c 0x00000000   Number         0  stm32f1xx_hal_uart.o ABSOLUTE
    ..\Src\AS608.c                           0x00000000   Number         0  as608.o ABSOLUTE
    ..\Src\OLED.c                            0x00000000   Number         0  oled.o ABSOLUTE
    ..\Src\RC522.c                           0x00000000   Number         0  rc522.o ABSOLUTE
    ..\Src\Servo.c                           0x00000000   Number         0  servo.o ABSOLUTE
    ..\Src\gpio.c                            0x00000000   Number         0  gpio.o ABSOLUTE
    ..\Src\key.c                             0x00000000   Number         0  key.o ABSOLUTE
    ..\Src\main.c                            0x00000000   Number         0  main.o ABSOLUTE
    ..\Src\myflash.c                         0x00000000   Number         0  myflash.o ABSOLUTE
    ..\Src\stm32f1xx_hal_msp.c               0x00000000   Number         0  stm32f1xx_hal_msp.o ABSOLUTE
    ..\Src\stm32f1xx_it.c                    0x00000000   Number         0  stm32f1xx_it.o ABSOLUTE
    ..\Src\system_stm32f1xx.c                0x00000000   Number         0  system_stm32f1xx.o ABSOLUTE
    ..\Src\tim.c                             0x00000000   Number         0  tim.o ABSOLUTE
    ..\Src\usart.c                           0x00000000   Number         0  usart.o ABSOLUTE
    ..\\Src\\AS608.c                         0x00000000   Number         0  as608.o ABSOLUTE
    ..\\Src\\OLED.c                          0x00000000   Number         0  oled.o ABSOLUTE
    ..\\Src\\RC522.c                         0x00000000   Number         0  rc522.o ABSOLUTE
    ..\\Src\\Servo.c                         0x00000000   Number         0  servo.o ABSOLUTE
    ..\\Src\\key.c                           0x00000000   Number         0  key.o ABSOLUTE
    ..\\Src\\myflash.c                       0x00000000   Number         0  myflash.o ABSOLUTE
    ..\\Src\\tim.c                           0x00000000   Number         0  tim.o ABSOLUTE
    cdrcmple.s                               0x00000000   Number         0  cdrcmple.o ABSOLUTE
    dc.s                                     0x00000000   Number         0  dc.o ABSOLUTE
    handlers.s                               0x00000000   Number         0  handlers.o ABSOLUTE
    init.s                                   0x00000000   Number         0  init.o ABSOLUTE
    startup_stm32f103xb.s                    0x00000000   Number         0  startup_stm32f103xb.o ABSOLUTE
    RESET                                    0x08000000   Section      236  startup_stm32f103xb.o(RESET)
    .ARM.Collect$$$$00000000                 0x080000ec   Section        0  entry.o(.ARM.Collect$$$$00000000)
    .ARM.Collect$$$$00000001                 0x080000ec   Section        4  entry2.o(.ARM.Collect$$$$00000001)
    .ARM.Collect$$$$00000004                 0x080000f0   Section        4  entry5.o(.ARM.Collect$$$$00000004)
    .ARM.Collect$$$$00000008                 0x080000f4   Section        0  entry7b.o(.ARM.Collect$$$$00000008)
    .ARM.Collect$$$$0000000A                 0x080000f4   Section        0  entry8b.o(.ARM.Collect$$$$0000000A)
    .ARM.Collect$$$$0000000B                 0x080000f4   Section        8  entry9a.o(.ARM.Collect$$$$0000000B)
    .ARM.Collect$$$$0000000D                 0x080000fc   Section        0  entry10a.o(.ARM.Collect$$$$0000000D)
    .ARM.Collect$$$$0000000F                 0x080000fc   Section        0  entry11a.o(.ARM.Collect$$$$0000000F)
    .ARM.Collect$$$$00002712                 0x080000fc   Section        4  entry2.o(.ARM.Collect$$$$00002712)
    __lit__00000000                          0x080000fc   Data           4  entry2.o(.ARM.Collect$$$$00002712)
    .text                                    0x08000100   Section       36  startup_stm32f103xb.o(.text)
    .text                                    0x08000124   Section        0  llushr.o(.text)
    .text                                    0x08000144   Section        0  memseta.o(.text)
    .text                                    0x08000168   Section        0  strstr.o(.text)
    .text                                    0x0800018c   Section        0  uldiv.o(.text)
    .text                                    0x080001f0   Section       36  init.o(.text)
    .text                                    0x08000214   Section        0  llshl.o(.text)
    i.Add_Card_Flash                         0x08000234   Section        0  main.o(i.Add_Card_Flash)
    i.BusFault_Handler                       0x080002b8   Section        0  stm32f1xx_it.o(i.BusFault_Handler)
    i.ClearBitMask                           0x080002bc   Section        0  rc522.o(i.ClearBitMask)
    i.Com_SendData                           0x080002d8   Section        0  as608.o(i.Com_SendData)
    Com_SendData                             0x080002d9   Thumb Code    16  as608.o(i.Com_SendData)
    i.ControlServo                           0x080002ec   Section        0  servo.o(i.ControlServo)
    i.DebugMon_Handler                       0x0800030c   Section        0  stm32f1xx_it.o(i.DebugMon_Handler)
    i.Del_FR                                 0x08000310   Section        0  main.o(i.Del_FR)
    i.Error_Handler                          0x08000324   Section        0  main.o(i.Error_Handler)
    i.FLASH_MassErase                        0x08000328   Section        0  stm32f1xx_hal_flash_ex.o(i.FLASH_MassErase)
    FLASH_MassErase                          0x08000329   Thumb Code    30  stm32f1xx_hal_flash_ex.o(i.FLASH_MassErase)
    i.FLASH_PageErase                        0x08000350   Section        0  stm32f1xx_hal_flash_ex.o(i.FLASH_PageErase)
    i.FLASH_Program_HalfWord                 0x08000378   Section        0  stm32f1xx_hal_flash.o(i.FLASH_Program_HalfWord)
    FLASH_Program_HalfWord                   0x08000379   Thumb Code    22  stm32f1xx_hal_flash.o(i.FLASH_Program_HalfWord)
    i.FLASH_SetErrorCode                     0x08000398   Section        0  stm32f1xx_hal_flash.o(i.FLASH_SetErrorCode)
    FLASH_SetErrorCode                       0x08000399   Thumb Code   124  stm32f1xx_hal_flash.o(i.FLASH_SetErrorCode)
    i.FLASH_WaitForLastOperation             0x0800041c   Section        0  stm32f1xx_hal_flash.o(i.FLASH_WaitForLastOperation)
    i.GZ_DeletChar                           0x0800048c   Section        0  as608.o(i.GZ_DeletChar)
    i.GZ_GenChar                             0x080004f8   Section        0  as608.o(i.GZ_GenChar)
    i.GZ_GetImage                            0x0800053e   Section        0  as608.o(i.GZ_GetImage)
    i.GZ_HandShake                           0x08000578   Section        0  as608.o(i.GZ_HandShake)
    i.GZ_HighSpeedSearch                     0x080005f0   Section        0  as608.o(i.GZ_HighSpeedSearch)
    i.GZ_Match                               0x080006ac   Section        0  as608.o(i.GZ_Match)
    i.GZ_RegModel                            0x080006e6   Section        0  as608.o(i.GZ_RegModel)
    i.GZ_StoreChar                           0x08000720   Section        0  as608.o(i.GZ_StoreChar)
    i.GZ_ValidTempleteNum                    0x08000780   Section        0  as608.o(i.GZ_ValidTempleteNum)
    i.HAL_DMA_Abort                          0x080007ca   Section        0  stm32f1xx_hal_dma.o(i.HAL_DMA_Abort)
    i.HAL_DMA_Abort_IT                       0x08000820   Section        0  stm32f1xx_hal_dma.o(i.HAL_DMA_Abort_IT)
    i.HAL_Delay                              0x080008d0   Section        0  stm32f1xx_hal.o(i.HAL_Delay)
    i.HAL_FLASHEx_Erase                      0x080008f8   Section        0  stm32f1xx_hal_flash_ex.o(i.HAL_FLASHEx_Erase)
    i.HAL_FLASH_Lock                         0x080009a8   Section        0  stm32f1xx_hal_flash.o(i.HAL_FLASH_Lock)
    i.HAL_FLASH_Program                      0x080009bc   Section        0  stm32f1xx_hal_flash.o(i.HAL_FLASH_Program)
    i.HAL_FLASH_Unlock                       0x08000a6c   Section        0  stm32f1xx_hal_flash.o(i.HAL_FLASH_Unlock)
    i.HAL_GPIO_Init                          0x08000a9c   Section        0  stm32f1xx_hal_gpio.o(i.HAL_GPIO_Init)
    i.HAL_GPIO_ReadPin                       0x08000dbc   Section        0  stm32f1xx_hal_gpio.o(i.HAL_GPIO_ReadPin)
    i.HAL_GPIO_WritePin                      0x08000dcc   Section        0  stm32f1xx_hal_gpio.o(i.HAL_GPIO_WritePin)
    i.HAL_GetTick                            0x08000dd8   Section        0  stm32f1xx_hal.o(i.HAL_GetTick)
    i.HAL_IncTick                            0x08000de4   Section        0  stm32f1xx_hal.o(i.HAL_IncTick)
    i.HAL_Init                               0x08000dfc   Section        0  stm32f1xx_hal.o(i.HAL_Init)
    i.HAL_InitTick                           0x08000e24   Section        0  stm32f1xx_hal.o(i.HAL_InitTick)
    i.HAL_MspInit                            0x08000e70   Section        0  stm32f1xx_hal_msp.o(i.HAL_MspInit)
    i.HAL_NVIC_EnableIRQ                     0x08000ec4   Section        0  stm32f1xx_hal_cortex.o(i.HAL_NVIC_EnableIRQ)
    i.HAL_NVIC_SetPriority                   0x08000ee4   Section        0  stm32f1xx_hal_cortex.o(i.HAL_NVIC_SetPriority)
    i.HAL_NVIC_SetPriorityGrouping           0x08000f60   Section        0  stm32f1xx_hal_cortex.o(i.HAL_NVIC_SetPriorityGrouping)
    i.HAL_RCC_ClockConfig                    0x08000f88   Section        0  stm32f1xx_hal_rcc.o(i.HAL_RCC_ClockConfig)
    i.HAL_RCC_GetHCLKFreq                    0x08001114   Section        0  stm32f1xx_hal_rcc.o(i.HAL_RCC_GetHCLKFreq)
    i.HAL_RCC_GetPCLK1Freq                   0x08001120   Section        0  stm32f1xx_hal_rcc.o(i.HAL_RCC_GetPCLK1Freq)
    i.HAL_RCC_GetPCLK2Freq                   0x08001140   Section        0  stm32f1xx_hal_rcc.o(i.HAL_RCC_GetPCLK2Freq)
    i.HAL_RCC_GetSysClockFreq                0x08001160   Section        0  stm32f1xx_hal_rcc.o(i.HAL_RCC_GetSysClockFreq)
    i.HAL_RCC_OscConfig                      0x080011f4   Section        0  stm32f1xx_hal_rcc.o(i.HAL_RCC_OscConfig)
    i.HAL_SYSTICK_Config                     0x08001658   Section        0  stm32f1xx_hal_cortex.o(i.HAL_SYSTICK_Config)
    i.HAL_TIMEx_MasterConfigSynchronization  0x0800168c   Section        0  stm32f1xx_hal_tim_ex.o(i.HAL_TIMEx_MasterConfigSynchronization)
    i.HAL_TIM_MspPostInit                    0x08001710   Section        0  tim.o(i.HAL_TIM_MspPostInit)
    i.HAL_TIM_PWM_ConfigChannel              0x08001768   Section        0  stm32f1xx_hal_tim.o(i.HAL_TIM_PWM_ConfigChannel)
    i.HAL_TIM_PWM_Init                       0x08001864   Section        0  stm32f1xx_hal_tim.o(i.HAL_TIM_PWM_Init)
    i.HAL_TIM_PWM_MspInit                    0x080018cc   Section        0  tim.o(i.HAL_TIM_PWM_MspInit)
    i.HAL_TIM_PWM_Start                      0x080018fc   Section        0  stm32f1xx_hal_tim.o(i.HAL_TIM_PWM_Start)
    i.HAL_UARTEx_RxEventCallback             0x080019d0   Section        0  stm32f1xx_hal_uart.o(i.HAL_UARTEx_RxEventCallback)
    i.HAL_UART_AbortReceiveCpltCallback      0x080019d2   Section        0  stm32f1xx_hal_uart.o(i.HAL_UART_AbortReceiveCpltCallback)
    i.HAL_UART_AbortReceive_IT               0x080019d4   Section        0  stm32f1xx_hal_uart.o(i.HAL_UART_AbortReceive_IT)
    i.HAL_UART_ErrorCallback                 0x08001a64   Section        0  stm32f1xx_hal_uart.o(i.HAL_UART_ErrorCallback)
    i.HAL_UART_IRQHandler                    0x08001a68   Section        0  stm32f1xx_hal_uart.o(i.HAL_UART_IRQHandler)
    i.HAL_UART_Init                          0x08001cb4   Section        0  stm32f1xx_hal_uart.o(i.HAL_UART_Init)
    i.HAL_UART_MspInit                       0x08001d28   Section        0  usart.o(i.HAL_UART_MspInit)
    i.HAL_UART_Receive_IT                    0x08001ea8   Section        0  stm32f1xx_hal_uart.o(i.HAL_UART_Receive_IT)
    i.HAL_UART_RxCpltCallback                0x08001eec   Section        0  usart.o(i.HAL_UART_RxCpltCallback)
    i.HAL_UART_Transmit                      0x08001f7c   Section        0  stm32f1xx_hal_uart.o(i.HAL_UART_Transmit)
    i.HAL_UART_TxCpltCallback                0x0800204e   Section        0  stm32f1xx_hal_uart.o(i.HAL_UART_TxCpltCallback)
    i.HardFault_Handler                      0x08002050   Section        0  stm32f1xx_it.o(i.HardFault_Handler)
    i.JudgeStr                               0x08002054   Section        0  as608.o(i.JudgeStr)
    JudgeStr                                 0x08002055   Thumb Code   114  as608.o(i.JudgeStr)
    i.Key_Init                               0x080020d4   Section        0  key.o(i.Key_Init)
    i.Key_Scan                               0x08002120   Section        0  key.o(i.Key_Scan)
    i.M500PcdConfigISOType                   0x080021ec   Section        0  rc522.o(i.M500PcdConfigISOType)
    i.MX_GPIO_Init                           0x08002248   Section        0  gpio.o(i.MX_GPIO_Init)
    i.MX_TIM4_Init                           0x080022a0   Section        0  tim.o(i.MX_TIM4_Init)
    i.MX_USART1_UART_Init                    0x0800231c   Section        0  usart.o(i.MX_USART1_UART_Init)
    i.MX_USART2_UART_Init                    0x08002368   Section        0  usart.o(i.MX_USART2_UART_Init)
    i.MX_USART3_UART_Init                    0x080023ac   Section        0  usart.o(i.MX_USART3_UART_Init)
    i.MemManage_Handler                      0x080023e4   Section        0  stm32f1xx_it.o(i.MemManage_Handler)
    i.NMI_Handler                            0x080023e8   Section        0  stm32f1xx_it.o(i.NMI_Handler)
    i.OLED_Clear                             0x080023ea   Section        0  oled.o(i.OLED_Clear)
    i.OLED_I2C_Init                          0x08002414   Section        0  oled.o(i.OLED_I2C_Init)
    i.OLED_I2C_SendByte                      0x0800246c   Section        0  oled.o(i.OLED_I2C_SendByte)
    i.OLED_I2C_Start                         0x080024a2   Section        0  oled.o(i.OLED_I2C_Start)
    i.OLED_I2C_Stop                          0x080024be   Section        0  oled.o(i.OLED_I2C_Stop)
    i.OLED_Init                              0x080024d4   Section        0  oled.o(i.OLED_Init)
    i.OLED_Pow                               0x08002582   Section        0  oled.o(i.OLED_Pow)
    i.OLED_SetCursor                         0x08002596   Section        0  oled.o(i.OLED_SetCursor)
    i.OLED_ShowChar                          0x080025b8   Section        0  oled.o(i.OLED_ShowChar)
    i.OLED_ShowNum                           0x0800262c   Section        0  oled.o(i.OLED_ShowNum)
    i.OLED_ShowString                        0x08002670   Section        0  oled.o(i.OLED_ShowString)
    i.OLED_W_SCL                             0x08002698   Section        0  oled.o(i.OLED_W_SCL)
    i.OLED_W_SDA                             0x080026bc   Section        0  oled.o(i.OLED_W_SDA)
    i.OLED_WriteCommand                      0x080026e0   Section        0  oled.o(i.OLED_WriteCommand)
    i.OLED_WriteData                         0x08002700   Section        0  oled.o(i.OLED_WriteData)
    i.PcdAntennaOff                          0x08002720   Section        0  rc522.o(i.PcdAntennaOff)
    i.PcdAntennaOn                           0x0800272c   Section        0  rc522.o(i.PcdAntennaOn)
    i.PcdAnticoll                            0x08002746   Section        0  rc522.o(i.PcdAnticoll)
    i.PcdComMF522                            0x080027b6   Section        0  rc522.o(i.PcdComMF522)
    i.PcdInit                                0x080028e8   Section        0  rc522.o(i.PcdInit)
    i.PcdRequest                             0x080029c4   Section        0  rc522.o(i.PcdRequest)
    i.PcdReset                               0x08002a18   Section        0  rc522.o(i.PcdReset)
    i.PendSV_Handler                         0x08002a90   Section        0  stm32f1xx_it.o(i.PendSV_Handler)
    i.RCC_Delay                              0x08002a94   Section        0  stm32f1xx_hal_rcc.o(i.RCC_Delay)
    RCC_Delay                                0x08002a95   Thumb Code    36  stm32f1xx_hal_rcc.o(i.RCC_Delay)
    i.RFID_Init                              0x08002abc   Section        0  rc522.o(i.RFID_Init)
    i.ReadRawRC                              0x08002ad8   Section        0  rc522.o(i.ReadRawRC)
    i.Read_Card_Flash                        0x08002b8c   Section        0  main.o(i.Read_Card_Flash)
    i.SVC_Handler                            0x08002c4c   Section        0  stm32f1xx_it.o(i.SVC_Handler)
    i.SendAddr                               0x08002c50   Section        0  as608.o(i.SendAddr)
    SendAddr                                 0x08002c51   Thumb Code    46  as608.o(i.SendAddr)
    i.SendCheck                              0x08002c84   Section        0  as608.o(i.SendCheck)
    SendCheck                                0x08002c85   Thumb Code    18  as608.o(i.SendCheck)
    i.SendFlag                               0x08002c96   Section        0  as608.o(i.SendFlag)
    SendFlag                                 0x08002c97   Thumb Code    12  as608.o(i.SendFlag)
    i.SendHead                               0x08002ca2   Section        0  as608.o(i.SendHead)
    SendHead                                 0x08002ca3   Thumb Code    16  as608.o(i.SendHead)
    i.SendLength                             0x08002cb2   Section        0  as608.o(i.SendLength)
    SendLength                               0x08002cb3   Thumb Code    20  as608.o(i.SendLength)
    i.Sendcmd                                0x08002cc6   Section        0  as608.o(i.Sendcmd)
    Sendcmd                                  0x08002cc7   Thumb Code    12  as608.o(i.Sendcmd)
    i.Servo_Init                             0x08002cd4   Section        0  servo.o(i.Servo_Init)
    i.SetBitMask                             0x08002cec   Section        0  rc522.o(i.SetBitMask)
    i.SysTick_Handler                        0x08002d08   Section        0  stm32f1xx_it.o(i.SysTick_Handler)
    i.SystemClock_Config                     0x08002d10   Section        0  main.o(i.SystemClock_Config)
    i.SystemInit                             0x08002d78   Section        0  system_stm32f1xx.o(i.SystemInit)
    i.TIM_Base_SetConfig                     0x08002dd0   Section        0  stm32f1xx_hal_tim.o(i.TIM_Base_SetConfig)
    i.TIM_CCxChannelCmd                      0x08002e44   Section        0  stm32f1xx_hal_tim.o(i.TIM_CCxChannelCmd)
    i.TIM_OC1_SetConfig                      0x08002e68   Section        0  stm32f1xx_hal_tim.o(i.TIM_OC1_SetConfig)
    TIM_OC1_SetConfig                        0x08002e69   Thumb Code    90  stm32f1xx_hal_tim.o(i.TIM_OC1_SetConfig)
    i.TIM_OC2_SetConfig                      0x08002ec8   Section        0  stm32f1xx_hal_tim.o(i.TIM_OC2_SetConfig)
    i.TIM_OC3_SetConfig                      0x08002f30   Section        0  stm32f1xx_hal_tim.o(i.TIM_OC3_SetConfig)
    TIM_OC3_SetConfig                        0x08002f31   Thumb Code    98  stm32f1xx_hal_tim.o(i.TIM_OC3_SetConfig)
    i.TIM_OC4_SetConfig                      0x08002f98   Section        0  stm32f1xx_hal_tim.o(i.TIM_OC4_SetConfig)
    TIM_OC4_SetConfig                        0x08002f99   Thumb Code    68  stm32f1xx_hal_tim.o(i.TIM_OC4_SetConfig)
    i.UART_DMAAbortOnError                   0x08002fe0   Section        0  stm32f1xx_hal_uart.o(i.UART_DMAAbortOnError)
    UART_DMAAbortOnError                     0x08002fe1   Thumb Code    20  stm32f1xx_hal_uart.o(i.UART_DMAAbortOnError)
    i.UART_DMARxOnlyAbortCallback            0x08002ff4   Section        0  stm32f1xx_hal_uart.o(i.UART_DMARxOnlyAbortCallback)
    UART_DMARxOnlyAbortCallback              0x08002ff5   Thumb Code    28  stm32f1xx_hal_uart.o(i.UART_DMARxOnlyAbortCallback)
    i.UART_EndRxTransfer                     0x08003010   Section        0  stm32f1xx_hal_uart.o(i.UART_EndRxTransfer)
    UART_EndRxTransfer                       0x08003011   Thumb Code    54  stm32f1xx_hal_uart.o(i.UART_EndRxTransfer)
    i.UART_EndTransmit_IT                    0x08003046   Section        0  stm32f1xx_hal_uart.o(i.UART_EndTransmit_IT)
    UART_EndTransmit_IT                      0x08003047   Thumb Code    32  stm32f1xx_hal_uart.o(i.UART_EndTransmit_IT)
    i.UART_Receive_IT                        0x08003066   Section        0  stm32f1xx_hal_uart.o(i.UART_Receive_IT)
    UART_Receive_IT                          0x08003067   Thumb Code   228  stm32f1xx_hal_uart.o(i.UART_Receive_IT)
    i.UART_SetConfig                         0x0800314c   Section        0  stm32f1xx_hal_uart.o(i.UART_SetConfig)
    UART_SetConfig                           0x0800314d   Thumb Code   248  stm32f1xx_hal_uart.o(i.UART_SetConfig)
    i.UART_Start_Receive_IT                  0x08003248   Section        0  stm32f1xx_hal_uart.o(i.UART_Start_Receive_IT)
    i.UART_Transmit_IT                       0x0800329a   Section        0  stm32f1xx_hal_uart.o(i.UART_Transmit_IT)
    UART_Transmit_IT                         0x0800329b   Thumb Code    96  stm32f1xx_hal_uart.o(i.UART_Transmit_IT)
    i.UART_WaitOnFlagUntilTimeout            0x080032fa   Section        0  stm32f1xx_hal_uart.o(i.UART_WaitOnFlagUntilTimeout)
    UART_WaitOnFlagUntilTimeout              0x080032fb   Thumb Code   108  stm32f1xx_hal_uart.o(i.UART_WaitOnFlagUntilTimeout)
    i.USART1_IRQHandler                      0x08003368   Section        0  stm32f1xx_it.o(i.USART1_IRQHandler)
    i.USART2_IRQHandler                      0x0800338c   Section        0  stm32f1xx_it.o(i.USART2_IRQHandler)
    i.UsageFault_Handler                     0x0800339c   Section        0  stm32f1xx_it.o(i.UsageFault_Handler)
    i.UsartReceive_IDLE                      0x080033a0   Section        0  usart.o(i.UsartReceive_IDLE)
    i.WriteRawRC                             0x080033ec   Section        0  rc522.o(i.WriteRawRC)
    i.__0printf$5                            0x080034b0   Section        0  printf5.o(i.__0printf$5)
    i.__NVIC_GetPriorityGrouping             0x080034d0   Section        0  stm32f1xx_hal_cortex.o(i.__NVIC_GetPriorityGrouping)
    __NVIC_GetPriorityGrouping               0x080034d1   Thumb Code    10  stm32f1xx_hal_cortex.o(i.__NVIC_GetPriorityGrouping)
    i.__NVIC_SetPriority                     0x080034e0   Section        0  stm32f1xx_hal_cortex.o(i.__NVIC_SetPriority)
    __NVIC_SetPriority                       0x080034e1   Thumb Code    32  stm32f1xx_hal_cortex.o(i.__NVIC_SetPriority)
    i.__scatterload_copy                     0x08003508   Section       14  handlers.o(i.__scatterload_copy)
    i.__scatterload_null                     0x08003516   Section        2  handlers.o(i.__scatterload_null)
    i.__scatterload_zeroinit                 0x08003518   Section       14  handlers.o(i.__scatterload_zeroinit)
    i._printf_core                           0x08003528   Section        0  printf5.o(i._printf_core)
    _printf_core                             0x08003529   Thumb Code   658  printf5.o(i._printf_core)
    i.delay_10ms                             0x080037e8   Section        0  rc522.o(i.delay_10ms)
    i.fputc                                  0x08003804   Section        0  usart.o(i.fputc)
    i.main                                   0x08003820   Section        0  main.o(i.main)
    i.press_FR                               0x080044e4   Section        0  main.o(i.press_FR)
    i.stmflash_read                          0x080045d8   Section        0  myflash.o(i.stmflash_read)
    i.stmflash_read_halfword                 0x080045fa   Section        0  myflash.o(i.stmflash_read_halfword)
    i.stmflash_write                         0x08004600   Section        0  myflash.o(i.stmflash_write)
    i.stmflash_write_nocheck                 0x080046f8   Section        0  myflash.o(i.stmflash_write_nocheck)
    .constdata                               0x08004724   Section     1520  oled.o(.constdata)
    .constdata                               0x08004d14   Section       24  system_stm32f1xx.o(.constdata)
    .data                                    0x20000000   Section        7  main.o(.data)
    menu_page                                0x20000003   Data           1  main.o(.data)
    keynum                                   0x20000004   Data           1  main.o(.data)
    menu_select                              0x20000005   Data           1  main.o(.data)
    ID_select                                0x20000006   Data           1  main.o(.data)
    .data                                    0x20000008   Section        8  usart.o(.data)
    .data                                    0x20000010   Section        4  as608.o(.data)
    .data                                    0x20000014   Section       24  rc522.o(.data)
    .data                                    0x2000002c   Section        9  stm32f1xx_hal.o(.data)
    .data                                    0x20000038   Section        4  system_stm32f1xx.o(.data)
    .bss                                     0x2000003c   Section      904  usart.o(.bss)
    .bss                                     0x200003c4   Section     1034  myflash.o(.bss)
    .bss                                     0x200007d0   Section       72  tim.o(.bss)
    .bss                                     0x20000818   Section       32  stm32f1xx_hal_flash.o(.bss)
    STACK                                    0x20000838   Section     1024  startup_stm32f103xb.o(STACK)

    Global Symbols

    Symbol Name                              Value     Ov Type        Size  Object(Section)

    BuildAttributes$$THM_ISAv4$P$D$K$B$S$PE$A:L22UL41UL21$X:L11$S22US41US21$IEEE1$IW$USESV6$~STKCKD$USESV7$~SHL$OSPACE$ROPI$EBA8$MICROLIB$REQ8$PRES8$EABIv2 0x00000000   Number         0  anon$$obj.o ABSOLUTE
    __ARM_use_no_argv                        0x00000000   Number         0  main.o ABSOLUTE
    __use_no_errno                           0x00000000   Number         0  useno.o ABSOLUTE
    __use_no_exception_handling              0x00000000   Number         0  useno.o ABSOLUTE
    __use_no_fp                              0x00000000   Number         0  useno.o ABSOLUTE
    __use_no_heap                            0x00000000   Number         0  useno.o ABSOLUTE
    __use_no_heap_region                     0x00000000   Number         0  useno.o ABSOLUTE
    __use_no_semihosting                     0x00000000   Number         0  useno.o ABSOLUTE
    __use_no_semihosting_swi                 0x00000000   Number         0  useno.o ABSOLUTE
    __use_no_signal_handling                 0x00000000   Number         0  useno.o ABSOLUTE
    _printf_a                                0x00000000   Number         0  stubs.o ABSOLUTE
    _printf_c                                0x00000000   Number         0  stubs.o ABSOLUTE
    _printf_charcount                        0x00000000   Number         0  stubs.o ABSOLUTE
    _printf_d                                0x00000000   Number         0  stubs.o ABSOLUTE
    _printf_e                                0x00000000   Number         0  stubs.o ABSOLUTE
    _printf_f                                0x00000000   Number         0  stubs.o ABSOLUTE
    _printf_flags                            0x00000000   Number         0  stubs.o ABSOLUTE
    _printf_fp_dec                           0x00000000   Number         0  stubs.o ABSOLUTE
    _printf_fp_hex                           0x00000000   Number         0  stubs.o ABSOLUTE
    _printf_g                                0x00000000   Number         0  stubs.o ABSOLUTE
    _printf_i                                0x00000000   Number         0  stubs.o ABSOLUTE
    _printf_int_dec                          0x00000000   Number         0  stubs.o ABSOLUTE
    _printf_l                                0x00000000   Number         0  stubs.o ABSOLUTE
    _printf_lc                               0x00000000   Number         0  stubs.o ABSOLUTE
    _printf_ll                               0x00000000   Number         0  stubs.o ABSOLUTE
    _printf_lld                              0x00000000   Number         0  stubs.o ABSOLUTE
    _printf_lli                              0x00000000   Number         0  stubs.o ABSOLUTE
    _printf_llo                              0x00000000   Number         0  stubs.o ABSOLUTE
    _printf_llu                              0x00000000   Number         0  stubs.o ABSOLUTE
    _printf_llx                              0x00000000   Number         0  stubs.o ABSOLUTE
    _printf_longlong_dec                     0x00000000   Number         0  stubs.o ABSOLUTE
    _printf_longlong_hex                     0x00000000   Number         0  stubs.o ABSOLUTE
    _printf_longlong_oct                     0x00000000   Number         0  stubs.o ABSOLUTE
    _printf_ls                               0x00000000   Number         0  stubs.o ABSOLUTE
    _printf_mbtowc                           0x00000000   Number         0  stubs.o ABSOLUTE
    _printf_n                                0x00000000   Number         0  stubs.o ABSOLUTE
    _printf_o                                0x00000000   Number         0  stubs.o ABSOLUTE
    _printf_p                                0x00000000   Number         0  stubs.o ABSOLUTE
    _printf_percent                          0x00000000   Number         0  stubs.o ABSOLUTE
    _printf_pre_padding                      0x00000000   Number         0  stubs.o ABSOLUTE
    _printf_return_value                     0x00000000   Number         0  stubs.o ABSOLUTE
    _printf_s                                0x00000000   Number         0  stubs.o ABSOLUTE
    _printf_sizespec                         0x00000000   Number         0  stubs.o ABSOLUTE
    _printf_str                              0x00000000   Number         0  stubs.o ABSOLUTE
    _printf_truncate_signed                  0x00000000   Number         0  stubs.o ABSOLUTE
    _printf_truncate_unsigned                0x00000000   Number         0  stubs.o ABSOLUTE
    _printf_u                                0x00000000   Number         0  stubs.o ABSOLUTE
    _printf_wc                               0x00000000   Number         0  stubs.o ABSOLUTE
    _printf_wctomb                           0x00000000   Number         0  stubs.o ABSOLUTE
    _printf_widthprec                        0x00000000   Number         0  stubs.o ABSOLUTE
    _printf_x                                0x00000000   Number         0  stubs.o ABSOLUTE
    __cpp_initialize__aeabi_                  - Undefined Weak Reference
    __cxa_finalize                            - Undefined Weak Reference
    __decompress                              - Undefined Weak Reference
    _clock_init                               - Undefined Weak Reference
    _microlib_exit                            - Undefined Weak Reference
    __Vectors_Size                           0x000000ec   Number         0  startup_stm32f103xb.o ABSOLUTE
    __Vectors                                0x08000000   Data           4  startup_stm32f103xb.o(RESET)
    __Vectors_End                            0x080000ec   Data           0  startup_stm32f103xb.o(RESET)
    __main                                   0x080000ed   Thumb Code     0  entry.o(.ARM.Collect$$$$00000000)
    _main_stk                                0x080000ed   Thumb Code     0  entry2.o(.ARM.Collect$$$$00000001)
    _main_scatterload                        0x080000f1   Thumb Code     0  entry5.o(.ARM.Collect$$$$00000004)
    __main_after_scatterload                 0x080000f5   Thumb Code     0  entry5.o(.ARM.Collect$$$$00000004)
    _main_clock                              0x080000f5   Thumb Code     0  entry7b.o(.ARM.Collect$$$$00000008)
    _main_cpp_init                           0x080000f5   Thumb Code     0  entry8b.o(.ARM.Collect$$$$0000000A)
    _main_init                               0x080000f5   Thumb Code     0  entry9a.o(.ARM.Collect$$$$0000000B)
    __rt_final_cpp                           0x080000fd   Thumb Code     0  entry10a.o(.ARM.Collect$$$$0000000D)
    __rt_final_exit                          0x080000fd   Thumb Code     0  entry11a.o(.ARM.Collect$$$$0000000F)
    Reset_Handler                            0x08000101   Thumb Code     8  startup_stm32f103xb.o(.text)
    ADC1_2_IRQHandler                        0x0800011b   Thumb Code     0  startup_stm32f103xb.o(.text)
    CAN1_RX1_IRQHandler                      0x0800011b   Thumb Code     0  startup_stm32f103xb.o(.text)
    CAN1_SCE_IRQHandler                      0x0800011b   Thumb Code     0  startup_stm32f103xb.o(.text)
    DMA1_Channel1_IRQHandler                 0x0800011b   Thumb Code     0  startup_stm32f103xb.o(.text)
    DMA1_Channel2_IRQHandler                 0x0800011b   Thumb Code     0  startup_stm32f103xb.o(.text)
    DMA1_Channel3_IRQHandler                 0x0800011b   Thumb Code     0  startup_stm32f103xb.o(.text)
    DMA1_Channel4_IRQHandler                 0x0800011b   Thumb Code     0  startup_stm32f103xb.o(.text)
    DMA1_Channel5_IRQHandler                 0x0800011b   Thumb Code     0  startup_stm32f103xb.o(.text)
    DMA1_Channel6_IRQHandler                 0x0800011b   Thumb Code     0  startup_stm32f103xb.o(.text)
    DMA1_Channel7_IRQHandler                 0x0800011b   Thumb Code     0  startup_stm32f103xb.o(.text)
    EXTI0_IRQHandler                         0x0800011b   Thumb Code     0  startup_stm32f103xb.o(.text)
    EXTI15_10_IRQHandler                     0x0800011b   Thumb Code     0  startup_stm32f103xb.o(.text)
    EXTI1_IRQHandler                         0x0800011b   Thumb Code     0  startup_stm32f103xb.o(.text)
    EXTI2_IRQHandler                         0x0800011b   Thumb Code     0  startup_stm32f103xb.o(.text)
    EXTI3_IRQHandler                         0x0800011b   Thumb Code     0  startup_stm32f103xb.o(.text)
    EXTI4_IRQHandler                         0x0800011b   Thumb Code     0  startup_stm32f103xb.o(.text)
    EXTI9_5_IRQHandler                       0x0800011b   Thumb Code     0  startup_stm32f103xb.o(.text)
    FLASH_IRQHandler                         0x0800011b   Thumb Code     0  startup_stm32f103xb.o(.text)
    I2C1_ER_IRQHandler                       0x0800011b   Thumb Code     0  startup_stm32f103xb.o(.text)
    I2C1_EV_IRQHandler                       0x0800011b   Thumb Code     0  startup_stm32f103xb.o(.text)
    I2C2_ER_IRQHandler                       0x0800011b   Thumb Code     0  startup_stm32f103xb.o(.text)
    I2C2_EV_IRQHandler                       0x0800011b   Thumb Code     0  startup_stm32f103xb.o(.text)
    PVD_IRQHandler                           0x0800011b   Thumb Code     0  startup_stm32f103xb.o(.text)
    RCC_IRQHandler                           0x0800011b   Thumb Code     0  startup_stm32f103xb.o(.text)
    RTC_Alarm_IRQHandler                     0x0800011b   Thumb Code     0  startup_stm32f103xb.o(.text)
    RTC_IRQHandler                           0x0800011b   Thumb Code     0  startup_stm32f103xb.o(.text)
    SPI1_IRQHandler                          0x0800011b   Thumb Code     0  startup_stm32f103xb.o(.text)
    SPI2_IRQHandler                          0x0800011b   Thumb Code     0  startup_stm32f103xb.o(.text)
    TAMPER_IRQHandler                        0x0800011b   Thumb Code     0  startup_stm32f103xb.o(.text)
    TIM1_BRK_IRQHandler                      0x0800011b   Thumb Code     0  startup_stm32f103xb.o(.text)
    TIM1_CC_IRQHandler                       0x0800011b   Thumb Code     0  startup_stm32f103xb.o(.text)
    TIM1_TRG_COM_IRQHandler                  0x0800011b   Thumb Code     0  startup_stm32f103xb.o(.text)
    TIM1_UP_IRQHandler                       0x0800011b   Thumb Code     0  startup_stm32f103xb.o(.text)
    TIM2_IRQHandler                          0x0800011b   Thumb Code     0  startup_stm32f103xb.o(.text)
    TIM3_IRQHandler                          0x0800011b   Thumb Code     0  startup_stm32f103xb.o(.text)
    TIM4_IRQHandler                          0x0800011b   Thumb Code     0  startup_stm32f103xb.o(.text)
    USART3_IRQHandler                        0x0800011b   Thumb Code     0  startup_stm32f103xb.o(.text)
    USBWakeUp_IRQHandler                     0x0800011b   Thumb Code     0  startup_stm32f103xb.o(.text)
    USB_HP_CAN1_TX_IRQHandler                0x0800011b   Thumb Code     0  startup_stm32f103xb.o(.text)
    USB_LP_CAN1_RX0_IRQHandler               0x0800011b   Thumb Code     0  startup_stm32f103xb.o(.text)
    WWDG_IRQHandler                          0x0800011b   Thumb Code     0  startup_stm32f103xb.o(.text)
    __aeabi_llsr                             0x08000125   Thumb Code    32  llushr.o(.text)
    _ll_ushift_r                             0x08000125   Thumb Code     0  llushr.o(.text)
    __aeabi_memset                           0x08000145   Thumb Code    14  memseta.o(.text)
    __aeabi_memset4                          0x08000145   Thumb Code     0  memseta.o(.text)
    __aeabi_memset8                          0x08000145   Thumb Code     0  memseta.o(.text)
    __aeabi_memclr                           0x08000153   Thumb Code     4  memseta.o(.text)
    __aeabi_memclr4                          0x08000153   Thumb Code     0  memseta.o(.text)
    __aeabi_memclr8                          0x08000153   Thumb Code     0  memseta.o(.text)
    _memset$wrapper                          0x08000157   Thumb Code    18  memseta.o(.text)
    strstr                                   0x08000169   Thumb Code    36  strstr.o(.text)
    __aeabi_uldivmod                         0x0800018d   Thumb Code    98  uldiv.o(.text)
    __scatterload                            0x080001f1   Thumb Code    28  init.o(.text)
    __scatterload_rt2                        0x080001f1   Thumb Code     0  init.o(.text)
    __aeabi_llsl                             0x08000215   Thumb Code    30  llshl.o(.text)
    _ll_shift_l                              0x08000215   Thumb Code     0  llshl.o(.text)
    Add_Card_Flash                           0x08000235   Thumb Code   118  main.o(i.Add_Card_Flash)
    BusFault_Handler                         0x080002b9   Thumb Code     4  stm32f1xx_it.o(i.BusFault_Handler)
    ClearBitMask                             0x080002bd   Thumb Code    28  rc522.o(i.ClearBitMask)
    ControlServo                             0x080002ed   Thumb Code    28  servo.o(i.ControlServo)
    DebugMon_Handler                         0x0800030d   Thumb Code     2  stm32f1xx_it.o(i.DebugMon_Handler)
    Del_FR                                   0x08000311   Thumb Code    14  main.o(i.Del_FR)
    Error_Handler                            0x08000325   Thumb Code     2  main.o(i.Error_Handler)
    FLASH_PageErase                          0x08000351   Thumb Code    32  stm32f1xx_hal_flash_ex.o(i.FLASH_PageErase)
    FLASH_WaitForLastOperation               0x0800041d   Thumb Code   106  stm32f1xx_hal_flash.o(i.FLASH_WaitForLastOperation)
    GZ_DeletChar                             0x0800048d   Thumb Code   108  as608.o(i.GZ_DeletChar)
    GZ_GenChar                               0x080004f9   Thumb Code    70  as608.o(i.GZ_GenChar)
    GZ_GetImage                              0x0800053f   Thumb Code    58  as608.o(i.GZ_GetImage)
    GZ_HandShake                             0x08000579   Thumb Code   110  as608.o(i.GZ_HandShake)
    GZ_HighSpeedSearch                       0x080005f1   Thumb Code   160  as608.o(i.GZ_HighSpeedSearch)
    GZ_Match                                 0x080006ad   Thumb Code    58  as608.o(i.GZ_Match)
    GZ_RegModel                              0x080006e7   Thumb Code    58  as608.o(i.GZ_RegModel)
    GZ_StoreChar                             0x08000721   Thumb Code    96  as608.o(i.GZ_StoreChar)
    GZ_ValidTempleteNum                      0x08000781   Thumb Code    74  as608.o(i.GZ_ValidTempleteNum)
    HAL_DMA_Abort                            0x080007cb   Thumb Code    86  stm32f1xx_hal_dma.o(i.HAL_DMA_Abort)
    HAL_DMA_Abort_IT                         0x08000821   Thumb Code   172  stm32f1xx_hal_dma.o(i.HAL_DMA_Abort_IT)
    HAL_Delay                                0x080008d1   Thumb Code    36  stm32f1xx_hal.o(i.HAL_Delay)
    HAL_FLASHEx_Erase                        0x080008f9   Thumb Code   168  stm32f1xx_hal_flash_ex.o(i.HAL_FLASHEx_Erase)
    HAL_FLASH_Lock                           0x080009a9   Thumb Code    16  stm32f1xx_hal_flash.o(i.HAL_FLASH_Lock)
    HAL_FLASH_Program                        0x080009bd   Thumb Code   168  stm32f1xx_hal_flash.o(i.HAL_FLASH_Program)
    HAL_FLASH_Unlock                         0x08000a6d   Thumb Code    36  stm32f1xx_hal_flash.o(i.HAL_FLASH_Unlock)
    HAL_GPIO_Init                            0x08000a9d   Thumb Code   766  stm32f1xx_hal_gpio.o(i.HAL_GPIO_Init)
    HAL_GPIO_ReadPin                         0x08000dbd   Thumb Code    16  stm32f1xx_hal_gpio.o(i.HAL_GPIO_ReadPin)
    HAL_GPIO_WritePin                        0x08000dcd   Thumb Code    12  stm32f1xx_hal_gpio.o(i.HAL_GPIO_WritePin)
    HAL_GetTick                              0x08000dd9   Thumb Code     6  stm32f1xx_hal.o(i.HAL_GetTick)
    HAL_IncTick                              0x08000de5   Thumb Code    16  stm32f1xx_hal.o(i.HAL_IncTick)
    HAL_Init                                 0x08000dfd   Thumb Code    34  stm32f1xx_hal.o(i.HAL_Init)
    HAL_InitTick                             0x08000e25   Thumb Code    64  stm32f1xx_hal.o(i.HAL_InitTick)
    HAL_MspInit                              0x08000e71   Thumb Code    76  stm32f1xx_hal_msp.o(i.HAL_MspInit)
    HAL_NVIC_EnableIRQ                       0x08000ec5   Thumb Code    32  stm32f1xx_hal_cortex.o(i.HAL_NVIC_EnableIRQ)
    HAL_NVIC_SetPriority                     0x08000ee5   Thumb Code   124  stm32f1xx_hal_cortex.o(i.HAL_NVIC_SetPriority)
    HAL_NVIC_SetPriorityGrouping             0x08000f61   Thumb Code    32  stm32f1xx_hal_cortex.o(i.HAL_NVIC_SetPriorityGrouping)
    HAL_RCC_ClockConfig                      0x08000f89   Thumb Code   376  stm32f1xx_hal_rcc.o(i.HAL_RCC_ClockConfig)
    HAL_RCC_GetHCLKFreq                      0x08001115   Thumb Code     6  stm32f1xx_hal_rcc.o(i.HAL_RCC_GetHCLKFreq)
    HAL_RCC_GetPCLK1Freq                     0x08001121   Thumb Code    22  stm32f1xx_hal_rcc.o(i.HAL_RCC_GetPCLK1Freq)
    HAL_RCC_GetPCLK2Freq                     0x08001141   Thumb Code    22  stm32f1xx_hal_rcc.o(i.HAL_RCC_GetPCLK2Freq)
    HAL_RCC_GetSysClockFreq                  0x08001161   Thumb Code   116  stm32f1xx_hal_rcc.o(i.HAL_RCC_GetSysClockFreq)
    HAL_RCC_OscConfig                        0x080011f5   Thumb Code  1114  stm32f1xx_hal_rcc.o(i.HAL_RCC_OscConfig)
    HAL_SYSTICK_Config                       0x08001659   Thumb Code    52  stm32f1xx_hal_cortex.o(i.HAL_SYSTICK_Config)
    HAL_TIMEx_MasterConfigSynchronization    0x0800168d   Thumb Code   118  stm32f1xx_hal_tim_ex.o(i.HAL_TIMEx_MasterConfigSynchronization)
    HAL_TIM_MspPostInit                      0x08001711   Thumb Code    74  tim.o(i.HAL_TIM_MspPostInit)
    HAL_TIM_PWM_ConfigChannel                0x08001769   Thumb Code   252  stm32f1xx_hal_tim.o(i.HAL_TIM_PWM_ConfigChannel)
    HAL_TIM_PWM_Init                         0x08001865   Thumb Code   102  stm32f1xx_hal_tim.o(i.HAL_TIM_PWM_Init)
    HAL_TIM_PWM_MspInit                      0x080018cd   Thumb Code    40  tim.o(i.HAL_TIM_PWM_MspInit)
    HAL_TIM_PWM_Start                        0x080018fd   Thumb Code   198  stm32f1xx_hal_tim.o(i.HAL_TIM_PWM_Start)
    HAL_UARTEx_RxEventCallback               0x080019d1   Thumb Code     2  stm32f1xx_hal_uart.o(i.HAL_UARTEx_RxEventCallback)
    HAL_UART_AbortReceiveCpltCallback        0x080019d3   Thumb Code     2  stm32f1xx_hal_uart.o(i.HAL_UART_AbortReceiveCpltCallback)
    HAL_UART_AbortReceive_IT                 0x080019d5   Thumb Code   140  stm32f1xx_hal_uart.o(i.HAL_UART_AbortReceive_IT)
    HAL_UART_ErrorCallback                   0x08001a65   Thumb Code     2  stm32f1xx_hal_uart.o(i.HAL_UART_ErrorCallback)
    HAL_UART_IRQHandler                      0x08001a69   Thumb Code   582  stm32f1xx_hal_uart.o(i.HAL_UART_IRQHandler)
    HAL_UART_Init                            0x08001cb5   Thumb Code   114  stm32f1xx_hal_uart.o(i.HAL_UART_Init)
    HAL_UART_MspInit                         0x08001d29   Thumb Code   360  usart.o(i.HAL_UART_MspInit)
    HAL_UART_Receive_IT                      0x08001ea9   Thumb Code    66  stm32f1xx_hal_uart.o(i.HAL_UART_Receive_IT)
    HAL_UART_RxCpltCallback                  0x08001eed   Thumb Code   118  usart.o(i.HAL_UART_RxCpltCallback)
    HAL_UART_Transmit                        0x08001f7d   Thumb Code   210  stm32f1xx_hal_uart.o(i.HAL_UART_Transmit)
    HAL_UART_TxCpltCallback                  0x0800204f   Thumb Code     2  stm32f1xx_hal_uart.o(i.HAL_UART_TxCpltCallback)
    HardFault_Handler                        0x08002051   Thumb Code     4  stm32f1xx_it.o(i.HardFault_Handler)
    Key_Init                                 0x080020d5   Thumb Code    68  key.o(i.Key_Init)
    Key_Scan                                 0x08002121   Thumb Code   200  key.o(i.Key_Scan)
    M500PcdConfigISOType                     0x080021ed   Thumb Code    92  rc522.o(i.M500PcdConfigISOType)
    MX_GPIO_Init                             0x08002249   Thumb Code    84  gpio.o(i.MX_GPIO_Init)
    MX_TIM4_Init                             0x080022a1   Thumb Code   116  tim.o(i.MX_TIM4_Init)
    MX_USART1_UART_Init                      0x0800231d   Thumb Code    64  usart.o(i.MX_USART1_UART_Init)
    MX_USART2_UART_Init                      0x08002369   Thumb Code    56  usart.o(i.MX_USART2_UART_Init)
    MX_USART3_UART_Init                      0x080023ad   Thumb Code    46  usart.o(i.MX_USART3_UART_Init)
    MemManage_Handler                        0x080023e5   Thumb Code     4  stm32f1xx_it.o(i.MemManage_Handler)
    NMI_Handler                              0x080023e9   Thumb Code     2  stm32f1xx_it.o(i.NMI_Handler)
    OLED_Clear                               0x080023eb   Thumb Code    42  oled.o(i.OLED_Clear)
    OLED_I2C_Init                            0x08002415   Thumb Code    80  oled.o(i.OLED_I2C_Init)
    OLED_I2C_SendByte                        0x0800246d   Thumb Code    54  oled.o(i.OLED_I2C_SendByte)
    OLED_I2C_Start                           0x080024a3   Thumb Code    28  oled.o(i.OLED_I2C_Start)
    OLED_I2C_Stop                            0x080024bf   Thumb Code    22  oled.o(i.OLED_I2C_Stop)
    OLED_Init                                0x080024d5   Thumb Code   174  oled.o(i.OLED_Init)
    OLED_Pow                                 0x08002583   Thumb Code    20  oled.o(i.OLED_Pow)
    OLED_SetCursor                           0x08002597   Thumb Code    34  oled.o(i.OLED_SetCursor)
    OLED_ShowChar                            0x080025b9   Thumb Code   110  oled.o(i.OLED_ShowChar)
    OLED_ShowNum                             0x0800262d   Thumb Code    68  oled.o(i.OLED_ShowNum)
    OLED_ShowString                          0x08002671   Thumb Code    40  oled.o(i.OLED_ShowString)
    OLED_W_SCL                               0x08002699   Thumb Code    30  oled.o(i.OLED_W_SCL)
    OLED_W_SDA                               0x080026bd   Thumb Code    30  oled.o(i.OLED_W_SDA)
    OLED_WriteCommand                        0x080026e1   Thumb Code    32  oled.o(i.OLED_WriteCommand)
    OLED_WriteData                           0x08002701   Thumb Code    32  oled.o(i.OLED_WriteData)
    PcdAntennaOff                            0x08002721   Thumb Code    12  rc522.o(i.PcdAntennaOff)
    PcdAntennaOn                             0x0800272d   Thumb Code    26  rc522.o(i.PcdAntennaOn)
    PcdAnticoll                              0x08002747   Thumb Code   112  rc522.o(i.PcdAnticoll)
    PcdComMF522                              0x080027b7   Thumb Code   306  rc522.o(i.PcdComMF522)
    PcdInit                                  0x080028e9   Thumb Code   208  rc522.o(i.PcdInit)
    PcdRequest                               0x080029c5   Thumb Code    84  rc522.o(i.PcdRequest)
    PcdReset                                 0x08002a19   Thumb Code   116  rc522.o(i.PcdReset)
    PendSV_Handler                           0x08002a91   Thumb Code     2  stm32f1xx_it.o(i.PendSV_Handler)
    RFID_Init                                0x08002abd   Thumb Code    26  rc522.o(i.RFID_Init)
    ReadRawRC                                0x08002ad9   Thumb Code   170  rc522.o(i.ReadRawRC)
    Read_Card_Flash                          0x08002b8d   Thumb Code   170  main.o(i.Read_Card_Flash)
    SVC_Handler                              0x08002c4d   Thumb Code     2  stm32f1xx_it.o(i.SVC_Handler)
    Servo_Init                               0x08002cd5   Thumb Code    20  servo.o(i.Servo_Init)
    SetBitMask                               0x08002ced   Thumb Code    28  rc522.o(i.SetBitMask)
    SysTick_Handler                          0x08002d09   Thumb Code     8  stm32f1xx_it.o(i.SysTick_Handler)
    SystemClock_Config                       0x08002d11   Thumb Code   102  main.o(i.SystemClock_Config)
    SystemInit                               0x08002d79   Thumb Code    70  system_stm32f1xx.o(i.SystemInit)
    TIM_Base_SetConfig                       0x08002dd1   Thumb Code   104  stm32f1xx_hal_tim.o(i.TIM_Base_SetConfig)
    TIM_CCxChannelCmd                        0x08002e45   Thumb Code    34  stm32f1xx_hal_tim.o(i.TIM_CCxChannelCmd)
    TIM_OC2_SetConfig                        0x08002ec9   Thumb Code   100  stm32f1xx_hal_tim.o(i.TIM_OC2_SetConfig)
    UART_Start_Receive_IT                    0x08003249   Thumb Code    82  stm32f1xx_hal_uart.o(i.UART_Start_Receive_IT)
    USART1_IRQHandler                        0x08003369   Thumb Code    28  stm32f1xx_it.o(i.USART1_IRQHandler)
    USART2_IRQHandler                        0x0800338d   Thumb Code    10  stm32f1xx_it.o(i.USART2_IRQHandler)
    UsageFault_Handler                       0x0800339d   Thumb Code     4  stm32f1xx_it.o(i.UsageFault_Handler)
    UsartReceive_IDLE                        0x080033a1   Thumb Code    62  usart.o(i.UsartReceive_IDLE)
    WriteRawRC                               0x080033ed   Thumb Code   186  rc522.o(i.WriteRawRC)
    __0printf$5                              0x080034b1   Thumb Code    22  printf5.o(i.__0printf$5)
    __1printf$5                              0x080034b1   Thumb Code     0  printf5.o(i.__0printf$5)
    __2printf                                0x080034b1   Thumb Code     0  printf5.o(i.__0printf$5)
    __scatterload_copy                       0x08003509   Thumb Code    14  handlers.o(i.__scatterload_copy)
    __scatterload_null                       0x08003517   Thumb Code     2  handlers.o(i.__scatterload_null)
    __scatterload_zeroinit                   0x08003519   Thumb Code    14  handlers.o(i.__scatterload_zeroinit)
    delay_10ms                               0x080037e9   Thumb Code    26  rc522.o(i.delay_10ms)
    fputc                                    0x08003805   Thumb Code    22  usart.o(i.fputc)
    main                                     0x08003821   Thumb Code  3170  main.o(i.main)
    press_FR                                 0x080044e5   Thumb Code   176  main.o(i.press_FR)
    stmflash_read                            0x080045d9   Thumb Code    34  myflash.o(i.stmflash_read)
    stmflash_read_halfword                   0x080045fb   Thumb Code     6  myflash.o(i.stmflash_read_halfword)
    stmflash_write                           0x08004601   Thumb Code   242  myflash.o(i.stmflash_write)
    stmflash_write_nocheck                   0x080046f9   Thumb Code    44  myflash.o(i.stmflash_write_nocheck)
    OLED_F8x16                               0x08004724   Data        1520  oled.o(.constdata)
    AHBPrescTable                            0x08004d14   Data          16  system_stm32f1xx.o(.constdata)
    APBPrescTable                            0x08004d24   Data           8  system_stm32f1xx.o(.constdata)
    Region$$Table$$Base                      0x08004d2c   Number         0  anon$$obj.o(Region$$Table)
    Region$$Table$$Limit                     0x08004d4c   Number         0  anon$$obj.o(Region$$Table)
    ValidN                                   0x20000000   Data           2  main.o(.data)
    face_flag                                0x20000002   Data           1  main.o(.data)
    __stdout                                 0x20000008   Data           4  usart.o(.data)
    g_usart_rx_sta                           0x2000000c   Data           2  usart.o(.data)
    g_rx2_buffer                             0x2000000e   Data           1  usart.o(.data)
    RX_len                                   0x2000000f   Data           1  usart.o(.data)
    AS608Addr                                0x20000010   Data           4  as608.o(.data)
    UID                                      0x20000014   Data           4  rc522.o(.data)
    Temp                                     0x20000018   Data           4  rc522.o(.data)
    UI0                                      0x2000001c   Data           4  rc522.o(.data)
    UI1                                      0x20000020   Data           4  rc522.o(.data)
    UI2                                      0x20000024   Data           4  rc522.o(.data)
    UI3                                      0x20000028   Data           4  rc522.o(.data)
    uwTick                                   0x2000002c   Data           4  stm32f1xx_hal.o(.data)
    uwTickPrio                               0x20000030   Data           4  stm32f1xx_hal.o(.data)
    uwTickFreq                               0x20000034   Data           1  stm32f1xx_hal.o(.data)
    SystemCoreClock                          0x20000038   Data           4  system_stm32f1xx.o(.data)
    g_usart_rx2_buf                          0x2000003c   Data         200  usart.o(.bss)
    aRxBuffer                                0x20000104   Data         500  usart.o(.bss)
    huart1                                   0x200002f8   Data          68  usart.o(.bss)
    huart2                                   0x2000033c   Data          68  usart.o(.bss)
    huart3                                   0x20000380   Data          68  usart.o(.bss)
    datatemp                                 0x200003c4   Data           9  myflash.o(.bss)
    g_flashbuf                               0x200003ce   Data        1024  myflash.o(.bss)
    htim4                                    0x200007d0   Data          72  tim.o(.bss)
    pFlash                                   0x20000818   Data          32  stm32f1xx_hal_flash.o(.bss)
    __initial_sp                             0x20000c38   Data           0  startup_stm32f103xb.o(STACK)



==============================================================================

Memory Map of the image

  Image Entry point : 0x080000ed

  Load Region LR_IROM1 (Base: 0x08000000, Size: 0x00004d88, Max: 0x00010000, ABSOLUTE)

    Execution Region ER_IROM1 (Exec base: 0x08000000, Load base: 0x08000000, Size: 0x00004d4c, Max: 0x00010000, ABSOLUTE)

    Exec Addr    Load Addr    Size         Type   Attr      Idx    E Section Name        Object

    0x08000000   0x08000000   0x000000ec   Data   RO            3    RESET               startup_stm32f103xb.o
    0x080000ec   0x080000ec   0x00000000   Code   RO         3493  * .ARM.Collect$$$$00000000  mc_w.l(entry.o)
    0x080000ec   0x080000ec   0x00000004   Code   RO         3763    .ARM.Collect$$$$00000001  mc_w.l(entry2.o)
    0x080000f0   0x080000f0   0x00000004   Code   RO         3766    .ARM.Collect$$$$00000004  mc_w.l(entry5.o)
    0x080000f4   0x080000f4   0x00000000   Code   RO         3768    .ARM.Collect$$$$00000008  mc_w.l(entry7b.o)
    0x080000f4   0x080000f4   0x00000000   Code   RO         3770    .ARM.Collect$$$$0000000A  mc_w.l(entry8b.o)
    0x080000f4   0x080000f4   0x00000008   Code   RO         3771    .ARM.Collect$$$$0000000B  mc_w.l(entry9a.o)
    0x080000fc   0x080000fc   0x00000000   Code   RO         3773    .ARM.Collect$$$$0000000D  mc_w.l(entry10a.o)
    0x080000fc   0x080000fc   0x00000000   Code   RO         3775    .ARM.Collect$$$$0000000F  mc_w.l(entry11a.o)
    0x080000fc   0x080000fc   0x00000004   Code   RO         3764    .ARM.Collect$$$$00002712  mc_w.l(entry2.o)
    0x08000100   0x08000100   0x00000024   Code   RO            4    .text               startup_stm32f103xb.o
    0x08000124   0x08000124   0x00000020   Code   RO         3496    .text               mc_w.l(llushr.o)
    0x08000144   0x08000144   0x00000024   Code   RO         3498    .text               mc_w.l(memseta.o)
    0x08000168   0x08000168   0x00000024   Code   RO         3500    .text               mc_w.l(strstr.o)
    0x0800018c   0x0800018c   0x00000062   Code   RO         3779    .text               mc_w.l(uldiv.o)
    0x080001ee   0x080001ee   0x00000002   PAD
    0x080001f0   0x080001f0   0x00000024   Code   RO         3792    .text               mc_w.l(init.o)
    0x08000214   0x08000214   0x0000001e   Code   RO         3794    .text               mc_w.l(llshl.o)
    0x08000232   0x08000232   0x00000002   PAD
    0x08000234   0x08000234   0x00000084   Code   RO           13    i.Add_Card_Flash    main.o
    0x080002b8   0x080002b8   0x00000004   Code   RO          329    i.BusFault_Handler  stm32f1xx_it.o
    0x080002bc   0x080002bc   0x0000001c   Code   RO          619    i.ClearBitMask      rc522.o
    0x080002d8   0x080002d8   0x00000014   Code   RO          441    i.Com_SendData      as608.o
    0x080002ec   0x080002ec   0x00000020   Code   RO         1036    i.ControlServo      servo.o
    0x0800030c   0x0800030c   0x00000002   Code   RO          330    i.DebugMon_Handler  stm32f1xx_it.o
    0x0800030e   0x0800030e   0x00000002   PAD
    0x08000310   0x08000310   0x00000014   Code   RO           14    i.Del_FR            main.o
    0x08000324   0x08000324   0x00000002   Code   RO           15    i.Error_Handler     main.o
    0x08000326   0x08000326   0x00000002   PAD
    0x08000328   0x08000328   0x00000028   Code   RO         3281    i.FLASH_MassErase   stm32f1xx_hal_flash_ex.o
    0x08000350   0x08000350   0x00000028   Code   RO         3290    i.FLASH_PageErase   stm32f1xx_hal_flash_ex.o
    0x08000378   0x08000378   0x00000020   Code   RO         3178    i.FLASH_Program_HalfWord  stm32f1xx_hal_flash.o
    0x08000398   0x08000398   0x00000084   Code   RO         3179    i.FLASH_SetErrorCode  stm32f1xx_hal_flash.o
    0x0800041c   0x0800041c   0x00000070   Code   RO         3180    i.FLASH_WaitForLastOperation  stm32f1xx_hal_flash.o
    0x0800048c   0x0800048c   0x0000006c   Code   RO          443    i.GZ_DeletChar      as608.o
    0x080004f8   0x080004f8   0x00000046   Code   RO          445    i.GZ_GenChar        as608.o
    0x0800053e   0x0800053e   0x0000003a   Code   RO          446    i.GZ_GetImage       as608.o
    0x08000578   0x08000578   0x00000078   Code   RO          447    i.GZ_HandShake      as608.o
    0x080005f0   0x080005f0   0x000000bc   Code   RO          448    i.GZ_HighSpeedSearch  as608.o
    0x080006ac   0x080006ac   0x0000003a   Code   RO          449    i.GZ_Match          as608.o
    0x080006e6   0x080006e6   0x0000003a   Code   RO          452    i.GZ_RegModel       as608.o
    0x08000720   0x08000720   0x00000060   Code   RO          455    i.GZ_StoreChar      as608.o
    0x08000780   0x08000780   0x0000004a   Code   RO          456    i.GZ_ValidTempleteNum  as608.o
    0x080007ca   0x080007ca   0x00000056   Code   RO         2837    i.HAL_DMA_Abort     stm32f1xx_hal_dma.o
    0x08000820   0x08000820   0x000000b0   Code   RO         2838    i.HAL_DMA_Abort_IT  stm32f1xx_hal_dma.o
    0x080008d0   0x080008d0   0x00000028   Code   RO         2460    i.HAL_Delay         stm32f1xx_hal.o
    0x080008f8   0x080008f8   0x000000b0   Code   RO         3291    i.HAL_FLASHEx_Erase  stm32f1xx_hal_flash_ex.o
    0x080009a8   0x080009a8   0x00000014   Code   RO         3184    i.HAL_FLASH_Lock    stm32f1xx_hal_flash.o
    0x080009bc   0x080009bc   0x000000b0   Code   RO         3189    i.HAL_FLASH_Program  stm32f1xx_hal_flash.o
    0x08000a6c   0x08000a6c   0x00000030   Code   RO         3191    i.HAL_FLASH_Unlock  stm32f1xx_hal_flash.o
    0x08000a9c   0x08000a9c   0x00000320   Code   RO         2773    i.HAL_GPIO_Init     stm32f1xx_hal_gpio.o
    0x08000dbc   0x08000dbc   0x00000010   Code   RO         2775    i.HAL_GPIO_ReadPin  stm32f1xx_hal_gpio.o
    0x08000dcc   0x08000dcc   0x0000000c   Code   RO         2777    i.HAL_GPIO_WritePin  stm32f1xx_hal_gpio.o
    0x08000dd8   0x08000dd8   0x0000000c   Code   RO         2464    i.HAL_GetTick       stm32f1xx_hal.o
    0x08000de4   0x08000de4   0x00000018   Code   RO         2470    i.HAL_IncTick       stm32f1xx_hal.o
    0x08000dfc   0x08000dfc   0x00000028   Code   RO         2471    i.HAL_Init          stm32f1xx_hal.o
    0x08000e24   0x08000e24   0x0000004c   Code   RO         2472    i.HAL_InitTick      stm32f1xx_hal.o
    0x08000e70   0x08000e70   0x00000054   Code   RO          417    i.HAL_MspInit       stm32f1xx_hal_msp.o
    0x08000ec4   0x08000ec4   0x00000020   Code   RO         2933    i.HAL_NVIC_EnableIRQ  stm32f1xx_hal_cortex.o
    0x08000ee4   0x08000ee4   0x0000007c   Code   RO         2939    i.HAL_NVIC_SetPriority  stm32f1xx_hal_cortex.o
    0x08000f60   0x08000f60   0x00000028   Code   RO         2940    i.HAL_NVIC_SetPriorityGrouping  stm32f1xx_hal_cortex.o
    0x08000f88   0x08000f88   0x0000018c   Code   RO         2628    i.HAL_RCC_ClockConfig  stm32f1xx_hal_rcc.o
    0x08001114   0x08001114   0x0000000c   Code   RO         2633    i.HAL_RCC_GetHCLKFreq  stm32f1xx_hal_rcc.o
    0x08001120   0x08001120   0x00000020   Code   RO         2635    i.HAL_RCC_GetPCLK1Freq  stm32f1xx_hal_rcc.o
    0x08001140   0x08001140   0x00000020   Code   RO         2636    i.HAL_RCC_GetPCLK2Freq  stm32f1xx_hal_rcc.o
    0x08001160   0x08001160   0x00000094   Code   RO         2637    i.HAL_RCC_GetSysClockFreq  stm32f1xx_hal_rcc.o
    0x080011f4   0x080011f4   0x00000464   Code   RO         2640    i.HAL_RCC_OscConfig  stm32f1xx_hal_rcc.o
    0x08001658   0x08001658   0x00000034   Code   RO         2944    i.HAL_SYSTICK_Config  stm32f1xx_hal_cortex.o
    0x0800168c   0x0800168c   0x00000084   Code   RO         1838    i.HAL_TIMEx_MasterConfigSynchronization  stm32f1xx_hal_tim_ex.o
    0x08001710   0x08001710   0x00000058   Code   RO          988    i.HAL_TIM_MspPostInit  tim.o
    0x08001768   0x08001768   0x000000fc   Code   RO         1176    i.HAL_TIM_PWM_ConfigChannel  stm32f1xx_hal_tim.o
    0x08001864   0x08001864   0x00000066   Code   RO         1179    i.HAL_TIM_PWM_Init  stm32f1xx_hal_tim.o
    0x080018ca   0x080018ca   0x00000002   PAD
    0x080018cc   0x080018cc   0x00000030   Code   RO          990    i.HAL_TIM_PWM_MspInit  tim.o
    0x080018fc   0x080018fc   0x000000d4   Code   RO         1184    i.HAL_TIM_PWM_Start  stm32f1xx_hal_tim.o
    0x080019d0   0x080019d0   0x00000002   Code   RO         2097    i.HAL_UARTEx_RxEventCallback  stm32f1xx_hal_uart.o
    0x080019d2   0x080019d2   0x00000002   Code   RO         2101    i.HAL_UART_AbortReceiveCpltCallback  stm32f1xx_hal_uart.o
    0x080019d4   0x080019d4   0x00000090   Code   RO         2102    i.HAL_UART_AbortReceive_IT  stm32f1xx_hal_uart.o
    0x08001a64   0x08001a64   0x00000002   Code   RO         2111    i.HAL_UART_ErrorCallback  stm32f1xx_hal_uart.o
    0x08001a66   0x08001a66   0x00000002   PAD
    0x08001a68   0x08001a68   0x0000024c   Code   RO         2114    i.HAL_UART_IRQHandler  stm32f1xx_hal_uart.o
    0x08001cb4   0x08001cb4   0x00000072   Code   RO         2115    i.HAL_UART_Init     stm32f1xx_hal_uart.o
    0x08001d26   0x08001d26   0x00000002   PAD
    0x08001d28   0x08001d28   0x00000180   Code   RO          228    i.HAL_UART_MspInit  usart.o
    0x08001ea8   0x08001ea8   0x00000042   Code   RO         2120    i.HAL_UART_Receive_IT  stm32f1xx_hal_uart.o
    0x08001eea   0x08001eea   0x00000002   PAD
    0x08001eec   0x08001eec   0x00000090   Code   RO          229    i.HAL_UART_RxCpltCallback  usart.o
    0x08001f7c   0x08001f7c   0x000000d2   Code   RO         2123    i.HAL_UART_Transmit  stm32f1xx_hal_uart.o
    0x0800204e   0x0800204e   0x00000002   Code   RO         2126    i.HAL_UART_TxCpltCallback  stm32f1xx_hal_uart.o
    0x08002050   0x08002050   0x00000004   Code   RO          331    i.HardFault_Handler  stm32f1xx_it.o
    0x08002054   0x08002054   0x00000080   Code   RO          459    i.JudgeStr          as608.o
    0x080020d4   0x080020d4   0x0000004c   Code   RO          906    i.Key_Init          key.o
    0x08002120   0x08002120   0x000000cc   Code   RO          907    i.Key_Scan          key.o
    0x080021ec   0x080021ec   0x0000005c   Code   RO          620    i.M500PcdConfigISOType  rc522.o
    0x08002248   0x08002248   0x00000058   Code   RO          203    i.MX_GPIO_Init      gpio.o
    0x080022a0   0x080022a0   0x0000007c   Code   RO          991    i.MX_TIM4_Init      tim.o
    0x0800231c   0x0800231c   0x0000004c   Code   RO          230    i.MX_USART1_UART_Init  usart.o
    0x08002368   0x08002368   0x00000044   Code   RO          231    i.MX_USART2_UART_Init  usart.o
    0x080023ac   0x080023ac   0x00000038   Code   RO          232    i.MX_USART3_UART_Init  usart.o
    0x080023e4   0x080023e4   0x00000004   Code   RO          332    i.MemManage_Handler  stm32f1xx_it.o
    0x080023e8   0x080023e8   0x00000002   Code   RO          333    i.NMI_Handler       stm32f1xx_it.o
    0x080023ea   0x080023ea   0x0000002a   Code   RO          774    i.OLED_Clear        oled.o
    0x08002414   0x08002414   0x00000058   Code   RO          775    i.OLED_I2C_Init     oled.o
    0x0800246c   0x0800246c   0x00000036   Code   RO          776    i.OLED_I2C_SendByte  oled.o
    0x080024a2   0x080024a2   0x0000001c   Code   RO          777    i.OLED_I2C_Start    oled.o
    0x080024be   0x080024be   0x00000016   Code   RO          778    i.OLED_I2C_Stop     oled.o
    0x080024d4   0x080024d4   0x000000ae   Code   RO          779    i.OLED_Init         oled.o
    0x08002582   0x08002582   0x00000014   Code   RO          780    i.OLED_Pow          oled.o
    0x08002596   0x08002596   0x00000022   Code   RO          781    i.OLED_SetCursor    oled.o
    0x080025b8   0x080025b8   0x00000074   Code   RO          783    i.OLED_ShowChar     oled.o
    0x0800262c   0x0800262c   0x00000044   Code   RO          785    i.OLED_ShowNum      oled.o
    0x08002670   0x08002670   0x00000028   Code   RO          787    i.OLED_ShowString   oled.o
    0x08002698   0x08002698   0x00000024   Code   RO          788    i.OLED_W_SCL        oled.o
    0x080026bc   0x080026bc   0x00000024   Code   RO          789    i.OLED_W_SDA        oled.o
    0x080026e0   0x080026e0   0x00000020   Code   RO          790    i.OLED_WriteCommand  oled.o
    0x08002700   0x08002700   0x00000020   Code   RO          791    i.OLED_WriteData    oled.o
    0x08002720   0x08002720   0x0000000c   Code   RO          621    i.PcdAntennaOff     rc522.o
    0x0800272c   0x0800272c   0x0000001a   Code   RO          622    i.PcdAntennaOn      rc522.o
    0x08002746   0x08002746   0x00000070   Code   RO          623    i.PcdAnticoll       rc522.o
    0x080027b6   0x080027b6   0x00000132   Code   RO          625    i.PcdComMF522       rc522.o
    0x080028e8   0x080028e8   0x000000dc   Code   RO          627    i.PcdInit           rc522.o
    0x080029c4   0x080029c4   0x00000054   Code   RO          629    i.PcdRequest        rc522.o
    0x08002a18   0x08002a18   0x00000078   Code   RO          630    i.PcdReset          rc522.o
    0x08002a90   0x08002a90   0x00000002   Code   RO          334    i.PendSV_Handler    stm32f1xx_it.o
    0x08002a92   0x08002a92   0x00000002   PAD
    0x08002a94   0x08002a94   0x00000028   Code   RO         2641    i.RCC_Delay         stm32f1xx_hal_rcc.o
    0x08002abc   0x08002abc   0x0000001a   Code   RO          633    i.RFID_Init         rc522.o
    0x08002ad6   0x08002ad6   0x00000002   PAD
    0x08002ad8   0x08002ad8   0x000000b4   Code   RO          635    i.ReadRawRC         rc522.o
    0x08002b8c   0x08002b8c   0x000000c0   Code   RO           16    i.Read_Card_Flash   main.o
    0x08002c4c   0x08002c4c   0x00000002   Code   RO          335    i.SVC_Handler       stm32f1xx_it.o
    0x08002c4e   0x08002c4e   0x00000002   PAD
    0x08002c50   0x08002c50   0x00000034   Code   RO          460    i.SendAddr          as608.o
    0x08002c84   0x08002c84   0x00000012   Code   RO          461    i.SendCheck         as608.o
    0x08002c96   0x08002c96   0x0000000c   Code   RO          462    i.SendFlag          as608.o
    0x08002ca2   0x08002ca2   0x00000010   Code   RO          463    i.SendHead          as608.o
    0x08002cb2   0x08002cb2   0x00000014   Code   RO          464    i.SendLength        as608.o
    0x08002cc6   0x08002cc6   0x0000000c   Code   RO          465    i.Sendcmd           as608.o
    0x08002cd2   0x08002cd2   0x00000002   PAD
    0x08002cd4   0x08002cd4   0x00000018   Code   RO         1037    i.Servo_Init        servo.o
    0x08002cec   0x08002cec   0x0000001c   Code   RO          636    i.SetBitMask        rc522.o
    0x08002d08   0x08002d08   0x00000008   Code   RO          336    i.SysTick_Handler   stm32f1xx_it.o
    0x08002d10   0x08002d10   0x00000066   Code   RO           17    i.SystemClock_Config  main.o
    0x08002d76   0x08002d76   0x00000002   PAD
    0x08002d78   0x08002d78   0x00000058   Code   RO         3460    i.SystemInit        system_stm32f1xx.o
    0x08002dd0   0x08002dd0   0x00000074   Code   RO         1197    i.TIM_Base_SetConfig  stm32f1xx_hal_tim.o
    0x08002e44   0x08002e44   0x00000022   Code   RO         1198    i.TIM_CCxChannelCmd  stm32f1xx_hal_tim.o
    0x08002e66   0x08002e66   0x00000002   PAD
    0x08002e68   0x08002e68   0x00000060   Code   RO         1210    i.TIM_OC1_SetConfig  stm32f1xx_hal_tim.o
    0x08002ec8   0x08002ec8   0x00000068   Code   RO         1211    i.TIM_OC2_SetConfig  stm32f1xx_hal_tim.o
    0x08002f30   0x08002f30   0x00000068   Code   RO         1212    i.TIM_OC3_SetConfig  stm32f1xx_hal_tim.o
    0x08002f98   0x08002f98   0x00000048   Code   RO         1213    i.TIM_OC4_SetConfig  stm32f1xx_hal_tim.o
    0x08002fe0   0x08002fe0   0x00000014   Code   RO         2128    i.UART_DMAAbortOnError  stm32f1xx_hal_uart.o
    0x08002ff4   0x08002ff4   0x0000001c   Code   RO         2133    i.UART_DMARxOnlyAbortCallback  stm32f1xx_hal_uart.o
    0x08003010   0x08003010   0x00000036   Code   RO         2138    i.UART_EndRxTransfer  stm32f1xx_hal_uart.o
    0x08003046   0x08003046   0x00000020   Code   RO         2139    i.UART_EndTransmit_IT  stm32f1xx_hal_uart.o
    0x08003066   0x08003066   0x000000e4   Code   RO         2141    i.UART_Receive_IT   stm32f1xx_hal_uart.o
    0x0800314a   0x0800314a   0x00000002   PAD
    0x0800314c   0x0800314c   0x000000fc   Code   RO         2142    i.UART_SetConfig    stm32f1xx_hal_uart.o
    0x08003248   0x08003248   0x00000052   Code   RO         2144    i.UART_Start_Receive_IT  stm32f1xx_hal_uart.o
    0x0800329a   0x0800329a   0x00000060   Code   RO         2145    i.UART_Transmit_IT  stm32f1xx_hal_uart.o
    0x080032fa   0x080032fa   0x0000006c   Code   RO         2146    i.UART_WaitOnFlagUntilTimeout  stm32f1xx_hal_uart.o
    0x08003366   0x08003366   0x00000002   PAD
    0x08003368   0x08003368   0x00000024   Code   RO          337    i.USART1_IRQHandler  stm32f1xx_it.o
    0x0800338c   0x0800338c   0x00000010   Code   RO          338    i.USART2_IRQHandler  stm32f1xx_it.o
    0x0800339c   0x0800339c   0x00000004   Code   RO          339    i.UsageFault_Handler  stm32f1xx_it.o
    0x080033a0   0x080033a0   0x0000004c   Code   RO          233    i.UsartReceive_IDLE  usart.o
    0x080033ec   0x080033ec   0x000000c4   Code   RO          638    i.WriteRawRC        rc522.o
    0x080034b0   0x080034b0   0x00000020   Code   RO         3635    i.__0printf$5       mc_w.l(printf5.o)
    0x080034d0   0x080034d0   0x00000010   Code   RO         2946    i.__NVIC_GetPriorityGrouping  stm32f1xx_hal_cortex.o
    0x080034e0   0x080034e0   0x00000028   Code   RO         2947    i.__NVIC_SetPriority  stm32f1xx_hal_cortex.o
    0x08003508   0x08003508   0x0000000e   Code   RO         3802    i.__scatterload_copy  mc_w.l(handlers.o)
    0x08003516   0x08003516   0x00000002   Code   RO         3803    i.__scatterload_null  mc_w.l(handlers.o)
    0x08003518   0x08003518   0x0000000e   Code   RO         3804    i.__scatterload_zeroinit  mc_w.l(handlers.o)
    0x08003526   0x08003526   0x00000002   PAD
    0x08003528   0x08003528   0x000002c0   Code   RO         3642    i._printf_core      mc_w.l(printf5.o)
    0x080037e8   0x080037e8   0x0000001a   Code   RO          639    i.delay_10ms        rc522.o
    0x08003802   0x08003802   0x00000002   PAD
    0x08003804   0x08003804   0x0000001c   Code   RO          238    i.fputc             usart.o
    0x08003820   0x08003820   0x00000cc4   Code   RO           18    i.main              main.o
    0x080044e4   0x080044e4   0x000000f4   Code   RO           19    i.press_FR          main.o
    0x080045d8   0x080045d8   0x00000022   Code   RO          936    i.stmflash_read     myflash.o
    0x080045fa   0x080045fa   0x00000006   Code   RO          937    i.stmflash_read_halfword  myflash.o
    0x08004600   0x08004600   0x000000f8   Code   RO          938    i.stmflash_write    myflash.o
    0x080046f8   0x080046f8   0x0000002c   Code   RO          939    i.stmflash_write_nocheck  myflash.o
    0x08004724   0x08004724   0x000005f0   Data   RO          792    .constdata          oled.o
    0x08004d14   0x08004d14   0x00000018   Data   RO         3461    .constdata          system_stm32f1xx.o
    0x08004d2c   0x08004d2c   0x00000020   Data   RO         3800    Region$$Table       anon$$obj.o


    Execution Region RW_IRAM1 (Exec base: 0x20000000, Load base: 0x08004d4c, Size: 0x00000c38, Max: 0x00005000, ABSOLUTE)

    Exec Addr    Load Addr    Size         Type   Attr      Idx    E Section Name        Object

    0x20000000   0x08004d4c   0x00000007   Data   RW           21    .data               main.o
    0x20000007   0x08004d53   0x00000001   PAD
    0x20000008   0x08004d54   0x00000008   Data   RW          240    .data               usart.o
    0x20000010   0x08004d5c   0x00000004   Data   RW          466    .data               as608.o
    0x20000014   0x08004d60   0x00000018   Data   RW          640    .data               rc522.o
    0x2000002c   0x08004d78   0x00000009   Data   RW         2478    .data               stm32f1xx_hal.o
    0x20000035   0x08004d81   0x00000003   PAD
    0x20000038   0x08004d84   0x00000004   Data   RW         3462    .data               system_stm32f1xx.o
    0x2000003c        -       0x00000388   Zero   RW          239    .bss                usart.o
    0x200003c4        -       0x0000040a   Zero   RW          941    .bss                myflash.o
    0x200007ce   0x08004d88   0x00000002   PAD
    0x200007d0        -       0x00000048   Zero   RW          992    .bss                tim.o
    0x20000818        -       0x00000020   Zero   RW         3192    .bss                stm32f1xx_hal_flash.o
    0x20000838        -       0x00000400   Zero   RW            1    STACK               startup_stm32f103xb.o


==============================================================================

Image component sizes


      Code (inc. data)   RO Data    RW Data    ZI Data      Debug   Object Name

      1108         62          0          4          0      10215   as608.o
        88          4          0          0          0        795   gpio.o
       280         12          0          0          0       1334   key.o
      3960        954          0          7          0     438172   main.o
       332          6          0          0       1034       3524   myflash.o
       822         26       1520          0          0       8759   oled.o
      1456         36          0         24          0       9305   rc522.o
        56          8          0          0          0        852   servo.o
        36          8        236          0       1024        788   startup_stm32f103xb.o
       192         36          0          9          0       5853   stm32f1xx_hal.o
       304         22          0          0          0      29387   stm32f1xx_hal_cortex.o
       262          4          0          0          0       1743   stm32f1xx_hal_dma.o
       520         48          0          0         32       4142   stm32f1xx_hal_flash.o
       256         26          0          0          0       2539   stm32f1xx_hal_flash_ex.o
       828         34          0          0          0       3303   stm32f1xx_hal_gpio.o
        84          8          0          0          0        858   stm32f1xx_hal_msp.o
      1784        110          0          0          0       5984   stm32f1xx_hal_rcc.o
      1092         46          0          0          0       6924   stm32f1xx_hal_tim.o
       132         14          0          0          0       1296   stm32f1xx_hal_tim_ex.o
      2030         14          0          0          0      13043   stm32f1xx_hal_uart.o
        84         14          0          0          0       4742   stm32f1xx_it.o
        88         18         24          4          0       1151   system_stm32f1xx.o
       260         30          0          0         72       2175   tim.o
       832        104          0          8        904       6139   usart.o

    ----------------------------------------------------------------------
     16916       1644       1812         60       3068     563023   Object Totals
         0          0         32          0          0          0   (incl. Generated)
        30          0          0          4          2          0   (incl. Padding)

    ----------------------------------------------------------------------

      Code (inc. data)   RO Data    RW Data    ZI Data      Debug   Library Member Name

         0          0          0          0          0          0   entry.o
         0          0          0          0          0          0   entry10a.o
         0          0          0          0          0          0   entry11a.o
         8          4          0          0          0          0   entry2.o
         4          0          0          0          0          0   entry5.o
         0          0          0          0          0          0   entry7b.o
         0          0          0          0          0          0   entry8b.o
         8          4          0          0          0          0   entry9a.o
        30          0          0          0          0          0   handlers.o
        36          8          0          0          0         68   init.o
        30          0          0          0          0         68   llshl.o
        32          0          0          0          0         68   llushr.o
        36          0          0          0          0        108   memseta.o
       736         56          0          0          0        184   printf5.o
        36          0          0          0          0         80   strstr.o
        98          0          0          0          0         92   uldiv.o

    ----------------------------------------------------------------------
      1060         72          0          0          0        668   Library Totals
         6          0          0          0          0          0   (incl. Padding)

    ----------------------------------------------------------------------

      Code (inc. data)   RO Data    RW Data    ZI Data      Debug   Library Name

      1054         72          0          0          0        668   mc_w.l

    ----------------------------------------------------------------------
      1060         72          0          0          0        668   Library Totals

    ----------------------------------------------------------------------

==============================================================================


      Code (inc. data)   RO Data    RW Data    ZI Data      Debug   

     17976       1716       1812         60       3068     556303   Grand Totals
     17976       1716       1812         60       3068     556303   ELF Image Totals
     17976       1716       1812         60          0          0   ROM Totals

==============================================================================

    Total RO  Size (Code + RO Data)                19788 (  19.32kB)
    Total RW  Size (RW Data + ZI Data)              3128 (   3.05kB)
    Total ROM Size (Code + RO Data + RW Data)      19848 (  19.38kB)

==============================================================================

